Component: ARM Compiler 5.06 update 5 (build 528) Tool: armlink [4d35e2]

==============================================================================

Section Cross References

    startup_stm32l432xx.o(RESET) refers to startup_stm32l432xx.o(STACK) for __initial_sp
    startup_stm32l432xx.o(RESET) refers to startup_stm32l432xx.o(.text) for Reset_Handler
    startup_stm32l432xx.o(RESET) refers to stm32l4xx_it.o(i.NMI_Handler) for NMI_Handler
    startup_stm32l432xx.o(RESET) refers to stm32l4xx_it.o(i.HardFault_Handler) for HardFault_Handler
    startup_stm32l432xx.o(RESET) refers to stm32l4xx_it.o(i.MemManage_Handler) for MemManage_Handler
    startup_stm32l432xx.o(RESET) refers to stm32l4xx_it.o(i.BusFault_Handler) for BusFault_Handler
    startup_stm32l432xx.o(RESET) refers to stm32l4xx_it.o(i.UsageFault_Handler) for UsageFault_Handler
    startup_stm32l432xx.o(RESET) refers to stm32l4xx_it.o(i.SVC_Handler) for SVC_Handler
    startup_stm32l432xx.o(RESET) refers to stm32l4xx_it.o(i.DebugMon_Handler) for DebugMon_Handler
    startup_stm32l432xx.o(RESET) refers to stm32l4xx_it.o(i.PendSV_Handler) for PendSV_Handler
    startup_stm32l432xx.o(RESET) refers to stm32l4xx_it.o(i.SysTick_Handler) for SysTick_Handler
    startup_stm32l432xx.o(RESET) refers to stm32l4xx_it.o(i.RCC_IRQHandler) for RCC_IRQHandler
    startup_stm32l432xx.o(RESET) refers to stm32l4xx_it.o(i.USB_IRQHandler) for USB_IRQHandler
    startup_stm32l432xx.o(.text) refers to system_stm32l4xx.o(i.SystemInit) for SystemInit
    startup_stm32l432xx.o(.text) refers to entry.o(.ARM.Collect$$$$00000000) for __main
    stm32l4xx_hal_i2c.o(i.HAL_I2C_DeInit) refers to stm32l4xx_hal_i2c.o(i.HAL_I2C_MspDeInit) for HAL_I2C_MspDeInit
    stm32l4xx_hal_i2c.o(i.HAL_I2C_DisableListen_IT) refers to stm32l4xx_hal_i2c.o(i.I2C_Disable_IRQ) for I2C_Disable_IRQ
    stm32l4xx_hal_i2c.o(i.HAL_I2C_ER_IRQHandler) refers to stm32l4xx_hal_i2c.o(i.I2C_ITError) for I2C_ITError
    stm32l4xx_hal_i2c.o(i.HAL_I2C_EnableListen_IT) refers to stm32l4xx_hal_i2c.o(i.I2C_Enable_IRQ) for I2C_Enable_IRQ
    stm32l4xx_hal_i2c.o(i.HAL_I2C_EnableListen_IT) refers to stm32l4xx_hal_i2c.o(i.I2C_Slave_ISR_IT) for I2C_Slave_ISR_IT
    stm32l4xx_hal_i2c.o(i.HAL_I2C_Init) refers to stm32l4xx_hal_i2c.o(i.HAL_I2C_MspInit) for HAL_I2C_MspInit
    stm32l4xx_hal_i2c.o(i.HAL_I2C_IsDeviceReady) refers to stm32l4xx_hal.o(i.HAL_GetTick) for HAL_GetTick
    stm32l4xx_hal_i2c.o(i.HAL_I2C_IsDeviceReady) refers to stm32l4xx_hal_i2c.o(i.I2C_WaitOnFlagUntilTimeout) for I2C_WaitOnFlagUntilTimeout
    stm32l4xx_hal_i2c.o(i.HAL_I2C_Master_Abort_IT) refers to stm32l4xx_hal_i2c.o(i.I2C_Disable_IRQ) for I2C_Disable_IRQ
    stm32l4xx_hal_i2c.o(i.HAL_I2C_Master_Abort_IT) refers to stm32l4xx_hal_i2c.o(i.I2C_TransferConfig) for I2C_TransferConfig
    stm32l4xx_hal_i2c.o(i.HAL_I2C_Master_Abort_IT) refers to stm32l4xx_hal_i2c.o(i.I2C_Enable_IRQ) for I2C_Enable_IRQ
    stm32l4xx_hal_i2c.o(i.HAL_I2C_Master_Receive) refers to stm32l4xx_hal.o(i.HAL_GetTick) for HAL_GetTick
    stm32l4xx_hal_i2c.o(i.HAL_I2C_Master_Receive) refers to stm32l4xx_hal_i2c.o(i.I2C_WaitOnFlagUntilTimeout) for I2C_WaitOnFlagUntilTimeout
    stm32l4xx_hal_i2c.o(i.HAL_I2C_Master_Receive) refers to stm32l4xx_hal_i2c.o(i.I2C_TransferConfig) for I2C_TransferConfig
    stm32l4xx_hal_i2c.o(i.HAL_I2C_Master_Receive) refers to stm32l4xx_hal_i2c.o(i.I2C_WaitOnRXNEFlagUntilTimeout) for I2C_WaitOnRXNEFlagUntilTimeout
    stm32l4xx_hal_i2c.o(i.HAL_I2C_Master_Receive) refers to stm32l4xx_hal_i2c.o(i.I2C_WaitOnSTOPFlagUntilTimeout) for I2C_WaitOnSTOPFlagUntilTimeout
    stm32l4xx_hal_i2c.o(i.HAL_I2C_Master_Receive_DMA) refers to stm32l4xx_hal_dma.o(i.HAL_DMA_Start_IT) for HAL_DMA_Start_IT
    stm32l4xx_hal_i2c.o(i.HAL_I2C_Master_Receive_DMA) refers to stm32l4xx_hal_i2c.o(i.I2C_TransferConfig) for I2C_TransferConfig
    stm32l4xx_hal_i2c.o(i.HAL_I2C_Master_Receive_DMA) refers to stm32l4xx_hal_i2c.o(i.I2C_Enable_IRQ) for I2C_Enable_IRQ
    stm32l4xx_hal_i2c.o(i.HAL_I2C_Master_Receive_DMA) refers to stm32l4xx_hal_i2c.o(i.I2C_Master_ISR_DMA) for I2C_Master_ISR_DMA
    stm32l4xx_hal_i2c.o(i.HAL_I2C_Master_Receive_DMA) refers to stm32l4xx_hal_i2c.o(i.I2C_DMAMasterReceiveCplt) for I2C_DMAMasterReceiveCplt
    stm32l4xx_hal_i2c.o(i.HAL_I2C_Master_Receive_DMA) refers to stm32l4xx_hal_i2c.o(i.I2C_DMAError) for I2C_DMAError
    stm32l4xx_hal_i2c.o(i.HAL_I2C_Master_Receive_DMA) refers to stm32l4xx_hal_i2c.o(i.I2C_Master_ISR_IT) for I2C_Master_ISR_IT
    stm32l4xx_hal_i2c.o(i.HAL_I2C_Master_Receive_IT) refers to stm32l4xx_hal_i2c.o(i.I2C_TransferConfig) for I2C_TransferConfig
    stm32l4xx_hal_i2c.o(i.HAL_I2C_Master_Receive_IT) refers to stm32l4xx_hal_i2c.o(i.I2C_Enable_IRQ) for I2C_Enable_IRQ
    stm32l4xx_hal_i2c.o(i.HAL_I2C_Master_Receive_IT) refers to stm32l4xx_hal_i2c.o(i.I2C_Master_ISR_IT) for I2C_Master_ISR_IT
    stm32l4xx_hal_i2c.o(i.HAL_I2C_Master_Sequential_Receive_IT) refers to stm32l4xx_hal_i2c.o(i.I2C_TransferConfig) for I2C_TransferConfig
[...]
    ..\Drivers\STM32L4xx_HAL_Driver\Src\stm32l4xx_hal_pcd_ex.c 0x00000000   Number         0  stm32l4xx_hal_pcd_ex.o ABSOLUTE
    ..\Drivers\STM32L4xx_HAL_Driver\Src\stm32l4xx_hal_pwr.c 0x00000000   Number         0  stm32l4xx_hal_pwr.o ABSOLUTE
    ..\Drivers\STM32L4xx_HAL_Driver\Src\stm32l4xx_hal_pwr_ex.c 0x00000000   Number         0  stm32l4xx_hal_pwr_ex.o ABSOLUTE
    ..\Drivers\STM32L4xx_HAL_Driver\Src\stm32l4xx_hal_rcc.c 0x00000000   Number         0  stm32l4xx_hal_rcc.o ABSOLUTE
    ..\Drivers\STM32L4xx_HAL_Driver\Src\stm32l4xx_hal_rcc_ex.c 0x00000000   Number         0  stm32l4xx_hal_rcc_ex.o ABSOLUTE
    ..\Drivers\STM32L4xx_HAL_Driver\Src\stm32l4xx_hal_spi.c 0x00000000   Number         0  stm32l4xx_hal_spi.o ABSOLUTE
    ..\Drivers\STM32L4xx_HAL_Driver\Src\stm32l4xx_hal_spi_ex.c 0x00000000   Number         0  stm32l4xx_hal_spi_ex.o ABSOLUTE
    ..\Drivers\STM32L4xx_HAL_Driver\Src\stm32l4xx_hal_tim.c 0x00000000   Number         0  stm32l4xx_hal_tim.o ABSOLUTE
    ..\Drivers\STM32L4xx_HAL_Driver\Src\stm32l4xx_hal_tim_ex.c 0x00000000   Number         0  stm32l4xx_hal_tim_ex.o ABSOLUTE
    ..\Drivers\STM32L4xx_HAL_Driver\Src\stm32l4xx_hal_uart.c 0x00000000   Number         0  stm32l4xx_hal_uart.o ABSOLUTE
    ..\Drivers\STM32L4xx_HAL_Driver\Src\stm32l4xx_hal_uart_ex.c 0x00000000   Number         0  stm32l4xx_hal_uart_ex.o ABSOLUTE
    ..\Drivers\STM32L4xx_HAL_Driver\Src\stm32l4xx_ll_usb.c 0x00000000   Number         0  stm32l4xx_ll_usb.o ABSOLUTE
    ..\Middlewares\ST\STM32_USB_Device_Library\Class\HID\Src\usbd_hid.c 0x00000000   Number         0  usbd_hid.o ABSOLUTE
    ..\Middlewares\ST\STM32_USB_Device_Library\Core\Src\usbd_core.c 0x00000000   Number         0  usbd_core.o ABSOLUTE
    ..\Middlewares\ST\STM32_USB_Device_Library\Core\Src\usbd_ctlreq.c 0x00000000   Number         0  usbd_ctlreq.o ABSOLUTE
    ..\Middlewares\ST\STM32_USB_Device_Library\Core\Src\usbd_ioreq.c 0x00000000   Number         0  usbd_ioreq.o ABSOLUTE
    ..\Src\main.c                            0x00000000   Number         0  main.o ABSOLUTE
    ..\Src\stm32l4xx_hal_msp.c               0x00000000   Number         0  stm32l4xx_hal_msp.o ABSOLUTE
    ..\Src\stm32l4xx_it.c                    0x00000000   Number         0  stm32l4xx_it.o ABSOLUTE
    ..\Src\system_stm32l4xx.c                0x00000000   Number         0  system_stm32l4xx.o ABSOLUTE
    ..\Src\usb_device.c                      0x00000000   Number         0  usb_device.o ABSOLUTE
    ..\Src\usbd_conf.c                       0x00000000   Number         0  usbd_conf.o ABSOLUTE
    ..\Src\usbd_desc.c                       0x00000000   Number         0  usbd_desc.o ABSOLUTE
    cdrcmple.s                               0x00000000   Number         0  cdrcmple.o ABSOLUTE
    dc.s                                     0x00000000   Number         0  dc.o ABSOLUTE
    handlers.s                               0x00000000   Number         0  handlers.o ABSOLUTE
    init.s                                   0x00000000   Number         0  init.o ABSOLUTE
    startup_stm32l432xx.s                    0x00000000   Number         0  startup_stm32l432xx.o ABSOLUTE
    RESET                                    0x08000000   Section      396  startup_stm32l432xx.o(RESET)
    .ARM.Collect$$$$00000000                 0x0800018c   Section        0  entry.o(.ARM.Collect$$$$00000000)
    .ARM.Collect$$$$00000001                 0x0800018c   Section        4  entry2.o(.ARM.Collect$$$$00000001)
    .ARM.Collect$$$$00000004                 0x08000190   Section        4  entry5.o(.ARM.Collect$$$$00000004)
    .ARM.Collect$$$$00000008                 0x08000194   Section        0  entry7b.o(.ARM.Collect$$$$00000008)
    .ARM.Collect$$$$0000000A                 0x08000194   Section        0  entry8b.o(.ARM.Collect$$$$0000000A)
    .ARM.Collect$$$$0000000B                 0x08000194   Section        8  entry9a.o(.ARM.Collect$$$$0000000B)
    .ARM.Collect$$$$0000000D                 0x0800019c   Section        0  entry10a.o(.ARM.Collect$$$$0000000D)
    .ARM.Collect$$$$0000000F                 0x0800019c   Section        0  entry11a.o(.ARM.Collect$$$$0000000F)
    .ARM.Collect$$$$00002712                 0x0800019c   Section        4  entry2.o(.ARM.Collect$$$$00002712)
    __lit__00000000                          0x0800019c   Data           4  entry2.o(.ARM.Collect$$$$00002712)
    .text                                    0x080001a0   Section       36  startup_stm32l432xx.o(.text)
    $v0                                      0x080001a0   Number         0  startup_stm32l432xx.o(.text)
    .text                                    0x080001c4   Section        0  uldiv.o(.text)
    .text                                    0x0800022c   Section        0  qsort.o(.text)
    .text                                    0x080002ce   Section        0  memcpya.o(.text)
    .text                                    0x080002f2   Section        0  uidiv.o(.text)
    .text                                    0x0800031e   Section        0  llshl.o(.text)
    .text                                    0x0800033c   Section        0  llushr.o(.text)
    .text                                    0x0800035c   Section       36  init.o(.text)
    .text                                    0x08000380   Section        0  __dczerorl2.o(.text)
    i.BusFault_Handler                       0x080003d6   Section        0  stm32l4xx_it.o(i.BusFault_Handler)
    i.DebugMon_Handler                       0x080003d8   Section        0  stm32l4xx_it.o(i.DebugMon_Handler)
    i.HAL_Delay                              0x080003da   Section        0  stm32l4xx_hal.o(i.HAL_Delay)
    i.HAL_GPIO_Init                          0x080003f8   Section        0  stm32l4xx_hal_gpio.o(i.HAL_GPIO_Init)
    i.HAL_GPIO_ReadPin                       0x0800058a   Section        0  stm32l4xx_hal_gpio.o(i.HAL_GPIO_ReadPin)
    i.HAL_GPIO_WritePin                      0x08000594   Section        0  stm32l4xx_hal_gpio.o(i.HAL_GPIO_WritePin)
    i.HAL_GetTick                            0x080005a0   Section        0  stm32l4xx_hal.o(i.HAL_GetTick)
    i.HAL_IncTick                            0x080005ac   Section        0  stm32l4xx_hal.o(i.HAL_IncTick)
    i.HAL_Init                               0x080005bc   Section        0  stm32l4xx_hal.o(i.HAL_Init)
    i.HAL_InitTick                           0x080005d4   Section        0  stm32l4xx_hal.o(i.HAL_InitTick)
    i.HAL_MspInit                            0x080005fc   Section        0  stm32l4xx_hal_msp.o(i.HAL_MspInit)
    i.HAL_NVIC_EnableIRQ                     0x0800068c   Section        0  stm32l4xx_hal_cortex.o(i.HAL_NVIC_EnableIRQ)
    i.HAL_NVIC_SetPriority                   0x080006a4   Section        0  stm32l4xx_hal_cortex.o(i.HAL_NVIC_SetPriority)
    i.HAL_NVIC_SetPriorityGrouping           0x080006e4   Section        0  stm32l4xx_hal_cortex.o(i.HAL_NVIC_SetPriorityGrouping)
    i.HAL_PCDEx_ActivateBCD                  0x08000708   Section        0  stm32l4xx_hal_pcd_ex.o(i.HAL_PCDEx_ActivateBCD)
    i.HAL_PCDEx_ActivateLPM                  0x08000726   Section        0  stm32l4xx_hal_pcd_ex.o(i.HAL_PCDEx_ActivateLPM)
    i.HAL_PCDEx_LPM_Callback                 0x0800074c   Section        0  usbd_conf.o(i.HAL_PCDEx_LPM_Callback)
    i.HAL_PCDEx_PMAConfig                    0x08000790   Section        0  stm32l4xx_hal_pcd_ex.o(i.HAL_PCDEx_PMAConfig)
    i.HAL_PCD_DataInStageCallback            0x080007c4   Section        0  usbd_conf.o(i.HAL_PCD_DataInStageCallback)
    i.HAL_PCD_DataOutStageCallback           0x080007d2   Section        0  usbd_conf.o(i.HAL_PCD_DataOutStageCallback)
    i.HAL_PCD_EP_Close                       0x080007e2   Section        0  stm32l4xx_hal_pcd.o(i.HAL_PCD_EP_Close)
    i.HAL_PCD_EP_ClrStall                    0x08000822   Section        0  stm32l4xx_hal_pcd.o(i.HAL_PCD_EP_ClrStall)
    i.HAL_PCD_EP_Open                        0x0800086a   Section        0  stm32l4xx_hal_pcd.o(i.HAL_PCD_EP_Open)
    i.HAL_PCD_EP_Receive                     0x080008ae   Section        0  stm32l4xx_hal_pcd.o(i.HAL_PCD_EP_Receive)
    i.HAL_PCD_EP_SetStall                    0x080008de   Section        0  stm32l4xx_hal_pcd.o(i.HAL_PCD_EP_SetStall)
    i.HAL_PCD_EP_Transmit                    0x08000936   Section        0  stm32l4xx_hal_pcd.o(i.HAL_PCD_EP_Transmit)
    i.HAL_PCD_IRQHandler                     0x08000962   Section        0  stm32l4xx_hal_pcd.o(i.HAL_PCD_IRQHandler)
    i.HAL_PCD_Init                           0x08000b00   Section        0  stm32l4xx_hal_pcd.o(i.HAL_PCD_Init)
    i.HAL_PCD_MspInit                        0x08000bd8   Section        0  usbd_conf.o(i.HAL_PCD_MspInit)
    i.HAL_PCD_ResetCallback                  0x08000c14   Section        0  usbd_conf.o(i.HAL_PCD_ResetCallback)
    i.HAL_PCD_ResumeCallback                 0x08000c30   Section        0  usbd_conf.o(i.HAL_PCD_ResumeCallback)
    i.HAL_PCD_SOFCallback                    0x08000c58   Section        0  usbd_conf.o(i.HAL_PCD_SOFCallback)
    i.HAL_PCD_SetAddress                     0x08000c60   Section        0  stm32l4xx_hal_pcd.o(i.HAL_PCD_SetAddress)
    i.HAL_PCD_SetupStageCallback             0x08000c88   Section        0  usbd_conf.o(i.HAL_PCD_SetupStageCallback)
    i.HAL_PCD_Start                          0x08000c96   Section        0  stm32l4xx_hal_pcd.o(i.HAL_PCD_Start)
    i.HAL_PCD_SuspendCallback                0x08000cc0   Section        0  usbd_conf.o(i.HAL_PCD_SuspendCallback)
    i.HAL_PWREx_ControlVoltageScaling        0x08000ce4   Section        0  stm32l4xx_hal_pwr_ex.o(i.HAL_PWREx_ControlVoltageScaling)
    i.HAL_PWREx_EnableVddUSB                 0x08000d48   Section        0  stm32l4xx_hal_pwr_ex.o(i.HAL_PWREx_EnableVddUSB)
    i.HAL_PWREx_GetVoltageRange              0x08000d58   Section        0  stm32l4xx_hal_pwr_ex.o(i.HAL_PWREx_GetVoltageRange)
    i.HAL_RCCEx_EnableMSIPLLMode             0x08000d68   Section        0  stm32l4xx_hal_rcc_ex.o(i.HAL_RCCEx_EnableMSIPLLMode)
    i.HAL_RCCEx_PeriphCLKConfig              0x08000d78   Section        0  stm32l4xx_hal_rcc_ex.o(i.HAL_RCCEx_PeriphCLKConfig)
    i.HAL_RCC_ClockConfig                    0x08001004   Section        0  stm32l4xx_hal_rcc.o(i.HAL_RCC_ClockConfig)
    i.HAL_RCC_GetHCLKFreq                    0x0800117c   Section        0  stm32l4xx_hal_rcc.o(i.HAL_RCC_GetHCLKFreq)
    i.HAL_RCC_GetPCLK1Freq                   0x08001188   Section        0  stm32l4xx_hal_rcc.o(i.HAL_RCC_GetPCLK1Freq)
    i.HAL_RCC_GetPCLK2Freq                   0x080011a8   Section        0  stm32l4xx_hal_rcc.o(i.HAL_RCC_GetPCLK2Freq)
    i.HAL_RCC_GetSysClockFreq                0x080011c8   Section        0  stm32l4xx_hal_rcc.o(i.HAL_RCC_GetSysClockFreq)
    i.HAL_RCC_OscConfig                      0x0800128c   Section        0  stm32l4xx_hal_rcc.o(i.HAL_RCC_OscConfig)
    i.HAL_SPI_Init                           0x0800173c   Section        0  stm32l4xx_hal_spi.o(i.HAL_SPI_Init)
    i.HAL_SPI_MspInit                        0x080017e8   Section        0  stm32l4xx_hal_msp.o(i.HAL_SPI_MspInit)
    i.HAL_SPI_Receive                        0x08001830   Section        0  stm32l4xx_hal_spi.o(i.HAL_SPI_Receive)
    i.HAL_SPI_Transmit                       0x080019a4   Section        0  stm32l4xx_hal_spi.o(i.HAL_SPI_Transmit)
    i.HAL_SPI_TransmitReceive                0x08001b20   Section        0  stm32l4xx_hal_spi.o(i.HAL_SPI_TransmitReceive)
    i.HAL_SYSTICK_CLKSourceConfig            0x08001d64   Section        0  stm32l4xx_hal_cortex.o(i.HAL_SYSTICK_CLKSourceConfig)
    i.HAL_SYSTICK_Callback                   0x08001d7c   Section        0  stm32l4xx_hal_cortex.o(i.HAL_SYSTICK_Callback)
    i.HAL_SYSTICK_Config                     0x08001d7e   Section        0  stm32l4xx_hal_cortex.o(i.HAL_SYSTICK_Config)
    i.HAL_SYSTICK_IRQHandler                 0x08001da6   Section        0  stm32l4xx_hal_cortex.o(i.HAL_SYSTICK_IRQHandler)
    i.HAL_UART_Init                          0x08001dae   Section        0  stm32l4xx_hal_uart.o(i.HAL_UART_Init)
    i.HAL_UART_MspInit                       0x08001e18   Section        0  stm32l4xx_hal_msp.o(i.HAL_UART_MspInit)
    i.HAL_UART_Transmit                      0x08001e60   Section        0  stm32l4xx_hal_uart.o(i.HAL_UART_Transmit)
    i.HardFault_Handler                      0x08001f10   Section        0  stm32l4xx_it.o(i.HardFault_Handler)
    i.MX_GPIO_Init                           0x08001f14   Section        0  main.o(i.MX_GPIO_Init)
    MX_GPIO_Init                             0x08001f15   Thumb Code   106  main.o(i.MX_GPIO_Init)
    i.MX_SPI1_Init                           0x08001f88   Section        0  main.o(i.MX_SPI1_Init)
    MX_SPI1_Init                             0x08001f89   Thumb Code    66  main.o(i.MX_SPI1_Init)
    i.MX_USART2_UART_Init                    0x08001fd4   Section        0  main.o(i.MX_USART2_UART_Init)
    MX_USART2_UART_Init                      0x08001fd5   Thumb Code    46  main.o(i.MX_USART2_UART_Init)
    i.MX_USB_DEVICE_Init                     0x0800200c   Section        0  usb_device.o(i.MX_USB_DEVICE_Init)
    i.MemManage_Handler                      0x08002044   Section        0  stm32l4xx_it.o(i.MemManage_Handler)
    i.NMI_Handler                            0x08002046   Section        0  stm32l4xx_it.o(i.NMI_Handler)
    i.NVIC_SetPriority                       0x08002048   Section        0  stm32l4xx_hal_cortex.o(i.NVIC_SetPriority)
    NVIC_SetPriority                         0x08002049   Thumb Code    32  stm32l4xx_hal_cortex.o(i.NVIC_SetPriority)
    i.PCD_EP_ISR_Handler                     0x08002068   Section        0  stm32l4xx_hal_pcd.o(i.PCD_EP_ISR_Handler)
    PCD_EP_ISR_Handler                       0x08002069   Thumb Code   808  stm32l4xx_hal_pcd.o(i.PCD_EP_ISR_Handler)
    i.PendSV_Handler                         0x08002396   Section        0  stm32l4xx_it.o(i.PendSV_Handler)
    i.RCCEx_PLLSAI1_Config                   0x08002398   Section        0  stm32l4xx_hal_rcc_ex.o(i.RCCEx_PLLSAI1_Config)
    RCCEx_PLLSAI1_Config                     0x08002399   Thumb Code   278  stm32l4xx_hal_rcc_ex.o(i.RCCEx_PLLSAI1_Config)
    i.RCC_IRQHandler                         0x080024c4   Section        0  stm32l4xx_it.o(i.RCC_IRQHandler)
    i.RCC_SetFlashLatencyFromMSIRange        0x080024c8   Section        0  stm32l4xx_hal_rcc.o(i.RCC_SetFlashLatencyFromMSIRange)
    RCC_SetFlashLatencyFromMSIRange          0x080024c9   Thumb Code   116  stm32l4xx_hal_rcc.o(i.RCC_SetFlashLatencyFromMSIRange)
    i.SPI_EndRxTransaction                   0x08002544   Section        0  stm32l4xx_hal_spi.o(i.SPI_EndRxTransaction)
    SPI_EndRxTransaction                     0x08002545   Thumb Code   116  stm32l4xx_hal_spi.o(i.SPI_EndRxTransaction)
    i.SPI_EndRxTxTransaction                 0x080025b8   Section        0  stm32l4xx_hal_spi.o(i.SPI_EndRxTxTransaction)
    SPI_EndRxTxTransaction                   0x080025b9   Thumb Code    72  stm32l4xx_hal_spi.o(i.SPI_EndRxTxTransaction)
    i.SPI_WaitFifoStateUntilTimeout          0x08002600   Section        0  stm32l4xx_hal_spi.o(i.SPI_WaitFifoStateUntilTimeout)
    SPI_WaitFifoStateUntilTimeout            0x08002601   Thumb Code   158  stm32l4xx_hal_spi.o(i.SPI_WaitFifoStateUntilTimeout)
    i.SPI_WaitFlagStateUntilTimeout          0x0800269e   Section        0  stm32l4xx_hal_spi.o(i.SPI_WaitFlagStateUntilTimeout)
    SPI_WaitFlagStateUntilTimeout            0x0800269f   Thumb Code   148  stm32l4xx_hal_spi.o(i.SPI_WaitFlagStateUntilTimeout)
    i.SVC_Handler                            0x08002732   Section        0  stm32l4xx_it.o(i.SVC_Handler)
    i.SysTick_Handler                        0x08002734   Section        0  stm32l4xx_it.o(i.SysTick_Handler)
    i.SystemClock_Config                     0x08002744   Section        0  main.o(i.SystemClock_Config)
    i.SystemInit                             0x08002800   Section        0  system_stm32l4xx.o(i.SystemInit)
    i.UART_AdvFeatureConfig                  0x08002844   Section        0  stm32l4xx_hal_uart.o(i.UART_AdvFeatureConfig)
    i.UART_CheckIdleState                    0x0800290c   Section        0  stm32l4xx_hal_uart.o(i.UART_CheckIdleState)
    i.UART_SetConfig                         0x08002968   Section        0  stm32l4xx_hal_uart.o(i.UART_SetConfig)
    i.UART_WaitOnFlagUntilTimeout            0x08002b9c   Section        0  stm32l4xx_hal_uart.o(i.UART_WaitOnFlagUntilTimeout)
    i.USBD_ClrClassConfig                    0x08002c00   Section        0  usbd_core.o(i.USBD_ClrClassConfig)
    i.USBD_CtlContinueRx                     0x08002c0e   Section        0  usbd_ioreq.o(i.USBD_CtlContinueRx)
    i.USBD_CtlContinueSendData               0x08002c1e   Section        0  usbd_ioreq.o(i.USBD_CtlContinueSendData)
    i.USBD_CtlError                          0x08002c2e   Section        0  usbd_ctlreq.o(i.USBD_CtlError)
    i.USBD_CtlReceiveStatus                  0x08002c44   Section        0  usbd_ioreq.o(i.USBD_CtlReceiveStatus)
    i.USBD_CtlSendData                       0x08002c5a   Section        0  usbd_ioreq.o(i.USBD_CtlSendData)
    i.USBD_CtlSendStatus                     0x08002c74   Section        0  usbd_ioreq.o(i.USBD_CtlSendStatus)
    i.USBD_FS_ConfigStrDescriptor            0x08002c8c   Section        0  usbd_desc.o(i.USBD_FS_ConfigStrDescriptor)
    i.USBD_FS_DeviceDescriptor               0x08002cac   Section        0  usbd_desc.o(i.USBD_FS_DeviceDescriptor)
    i.USBD_FS_InterfaceStrDescriptor         0x08002cb8   Section        0  usbd_desc.o(i.USBD_FS_InterfaceStrDescriptor)
    i.USBD_FS_LangIDStrDescriptor            0x08002cdc   Section        0  usbd_desc.o(i.USBD_FS_LangIDStrDescriptor)
    i.USBD_FS_ManufacturerStrDescriptor      0x08002ce8   Section        0  usbd_desc.o(i.USBD_FS_ManufacturerStrDescriptor)
    i.USBD_FS_ProductStrDescriptor           0x08002d10   Section        0  usbd_desc.o(i.USBD_FS_ProductStrDescriptor)
    i.USBD_FS_SerialStrDescriptor            0x08002d3c   Section        0  usbd_desc.o(i.USBD_FS_SerialStrDescriptor)
    i.USBD_FS_USR_BOSDescriptor              0x08002d60   Section        0  usbd_desc.o(i.USBD_FS_USR_BOSDescriptor)
    i.USBD_GetDescriptor                     0x08002d6c   Section        0  usbd_ctlreq.o(i.USBD_GetDescriptor)
    USBD_GetDescriptor                       0x08002d6d   Thumb Code   246  usbd_ctlreq.o(i.USBD_GetDescriptor)
    i.USBD_GetString                         0x08002e62   Section        0  usbd_ctlreq.o(i.USBD_GetString)
    i.USBD_HID_DataIn                        0x08002ea8   Section        0  usbd_hid.o(i.USBD_HID_DataIn)
    USBD_HID_DataIn                          0x08002ea9   Thumb Code    12  usbd_hid.o(i.USBD_HID_DataIn)
    i.USBD_HID_DeInit                        0x08002eb4   Section        0  usbd_hid.o(i.USBD_HID_DeInit)
    USBD_HID_DeInit                          0x08002eb5   Thumb Code    30  usbd_hid.o(i.USBD_HID_DeInit)
    i.USBD_HID_GetCfgDesc                    0x08002ed4   Section        0  usbd_hid.o(i.USBD_HID_GetCfgDesc)
    USBD_HID_GetCfgDesc                      0x08002ed5   Thumb Code     8  usbd_hid.o(i.USBD_HID_GetCfgDesc)
    i.USBD_HID_GetDeviceQualifierDesc        0x08002ee0   Section        0  usbd_hid.o(i.USBD_HID_GetDeviceQualifierDesc)
    USBD_HID_GetDeviceQualifierDesc          0x08002ee1   Thumb Code     8  usbd_hid.o(i.USBD_HID_GetDeviceQualifierDesc)
    i.USBD_HID_Init                          0x08002eec   Section        0  usbd_hid.o(i.USBD_HID_Init)
    USBD_HID_Init                            0x08002eed   Thumb Code    40  usbd_hid.o(i.USBD_HID_Init)
    i.USBD_HID_SendReport                    0x08002f14   Section        0  usbd_hid.o(i.USBD_HID_SendReport)
    i.USBD_HID_Setup                         0x08002f38   Section        0  usbd_hid.o(i.USBD_HID_Setup)
    USBD_HID_Setup                           0x08002f39   Thumb Code   156  usbd_hid.o(i.USBD_HID_Setup)
    i.USBD_Init                              0x08002fd8   Section        0  usbd_core.o(i.USBD_Init)
    i.USBD_LL_BatteryCharging                0x08003002   Section        0  usbd_conf.o(i.USBD_LL_BatteryCharging)
    i.USBD_LL_ClearStallEP                   0x08003014   Section        0  usbd_conf.o(i.USBD_LL_ClearStallEP)
    i.USBD_LL_CloseEP                        0x08003034   Section        0  usbd_conf.o(i.USBD_LL_CloseEP)
    i.USBD_LL_DataInStage                    0x08003054   Section        0  usbd_core.o(i.USBD_LL_DataInStage)
    i.USBD_LL_DataOutStage                   0x080030fe   Section        0  usbd_core.o(i.USBD_LL_DataOutStage)
    i.USBD_LL_Init                           0x08003168   Section        0  usbd_conf.o(i.USBD_LL_Init)
    i.USBD_LL_IsStallEP                      0x080031f4   Section        0  usbd_conf.o(i.USBD_LL_IsStallEP)
    i.USBD_LL_OpenEP                         0x08003210   Section        0  usbd_conf.o(i.USBD_LL_OpenEP)
    i.USBD_LL_PrepareReceive                 0x08003236   Section        0  usbd_conf.o(i.USBD_LL_PrepareReceive)
    i.USBD_LL_Reset                          0x08003256   Section        0  usbd_core.o(i.USBD_LL_Reset)
    i.USBD_LL_Resume                         0x08003294   Section        0  usbd_core.o(i.USBD_LL_Resume)
    i.USBD_LL_SOF                            0x080032a0   Section        0  usbd_core.o(i.USBD_LL_SOF)
    i.USBD_LL_SetSpeed                       0x080032b8   Section        0  usbd_core.o(i.USBD_LL_SetSpeed)
    i.USBD_LL_SetUSBAddress                  0x080032be   Section        0  usbd_conf.o(i.USBD_LL_SetUSBAddress)
    i.USBD_LL_SetupStage                     0x080032de   Section        0  usbd_core.o(i.USBD_LL_SetupStage)
    i.USBD_LL_StallEP                        0x08003338   Section        0  usbd_conf.o(i.USBD_LL_StallEP)
    i.USBD_LL_Start                          0x08003358   Section        0  usbd_conf.o(i.USBD_LL_Start)
    i.USBD_LL_Suspend                        0x08003378   Section        0  usbd_core.o(i.USBD_LL_Suspend)
    i.USBD_LL_Transmit                       0x0800338a   Section        0  usbd_conf.o(i.USBD_LL_Transmit)
    i.USBD_ParseSetupRequest                 0x080033aa   Section        0  usbd_ctlreq.o(i.USBD_ParseSetupRequest)
    i.USBD_RegisterClass                     0x080033d2   Section        0  usbd_core.o(i.USBD_RegisterClass)
    i.USBD_SetClassConfig                    0x080033e2   Section        0  usbd_core.o(i.USBD_SetClassConfig)
    i.USBD_SetConfig                         0x080033f8   Section        0  usbd_ctlreq.o(i.USBD_SetConfig)
    USBD_SetConfig                           0x080033f9   Thumb Code   110  usbd_ctlreq.o(i.USBD_SetConfig)
    i.USBD_Start                             0x0800346c   Section        0  usbd_core.o(i.USBD_Start)
    i.USBD_StdDevReq                         0x08003476   Section        0  usbd_ctlreq.o(i.USBD_StdDevReq)
    i.USBD_StdEPReq                          0x08003568   Section        0  usbd_ctlreq.o(i.USBD_StdEPReq)
    i.USBD_StdItfReq                         0x08003644   Section        0  usbd_ctlreq.o(i.USBD_StdItfReq)
    i.USBD_static_free                       0x08003678   Section        0  usbd_conf.o(i.USBD_static_free)
    i.USBD_static_malloc                     0x0800367c   Section        0  usbd_conf.o(i.USBD_static_malloc)
    i.USB_ActivateEndpoint                   0x08003684   Section        0  stm32l4xx_ll_usb.o(i.USB_ActivateEndpoint)
    i.USB_CoreInit                           0x080038d0   Section        0  stm32l4xx_ll_usb.o(i.USB_CoreInit)
    i.USB_DeactivateEndpoint                 0x080038d4   Section        0  stm32l4xx_ll_usb.o(i.USB_DeactivateEndpoint)
    i.USB_DevConnect                         0x080039f8   Section        0  stm32l4xx_ll_usb.o(i.USB_DevConnect)
    i.USB_DevDisconnect                      0x08003a0c   Section        0  stm32l4xx_ll_usb.o(i.USB_DevDisconnect)
    i.USB_DevInit                            0x08003a20   Section        0  stm32l4xx_ll_usb.o(i.USB_DevInit)
    i.USB_DisableGlobalInt                   0x08003a32   Section        0  stm32l4xx_ll_usb.o(i.USB_DisableGlobalInt)
    i.USB_EP0_OutStart                       0x08003a40   Section        0  stm32l4xx_ll_usb.o(i.USB_EP0_OutStart)
    i.USB_EPClearStall                       0x08003a44   Section        0  stm32l4xx_ll_usb.o(i.USB_EPClearStall)
    i.USB_EPSetStall                         0x08003aae   Section        0  stm32l4xx_ll_usb.o(i.USB_EPSetStall)
    i.USB_EPStartXfer                        0x08003af8   Section        0  stm32l4xx_ll_usb.o(i.USB_EPStartXfer)
    i.USB_EnableGlobalInt                    0x08003c1c   Section        0  stm32l4xx_ll_usb.o(i.USB_EnableGlobalInt)
    i.USB_IRQHandler                         0x08003c2c   Section        0  stm32l4xx_it.o(i.USB_IRQHandler)
    i.USB_ReadInterrupts                     0x08003c38   Section        0  stm32l4xx_ll_usb.o(i.USB_ReadInterrupts)
    i.USB_ReadPMA                            0x08003c3e   Section        0  stm32l4xx_ll_usb.o(i.USB_ReadPMA)
    i.USB_SetCurrentMode                     0x08003c58   Section        0  stm32l4xx_ll_usb.o(i.USB_SetCurrentMode)
    i.USB_SetDevAddress                      0x08003c5c   Section        0  stm32l4xx_ll_usb.o(i.USB_SetDevAddress)
    i.USB_WritePMA                           0x08003c68   Section        0  stm32l4xx_ll_usb.o(i.USB_WritePMA)
    i.UsageFault_Handler                     0x08003c8e   Section        0  stm32l4xx_it.o(i.UsageFault_Handler)
    i._Error_Handler                         0x08003c90   Section        0  main.o(i._Error_Handler)
    i.__0printf$6                            0x08003c94   Section        0  printf6.o(i.__0printf$6)
    i.__scatterload_copy                     0x08003cb4   Section       14  handlers.o(i.__scatterload_copy)
    i.__scatterload_null                     0x08003cc2   Section        2  handlers.o(i.__scatterload_null)
    i.__scatterload_zeroinit                 0x08003cc4   Section       14  handlers.o(i.__scatterload_zeroinit)
    i._printf_core                           0x08003cd4   Section        0  printf6.o(i._printf_core)
    _printf_core                             0x08003cd5   Thumb Code   748  printf6.o(i._printf_core)
    i._printf_post_padding                   0x08003fca   Section        0  printf6.o(i._printf_post_padding)
    _printf_post_padding                     0x08003fcb   Thumb Code    36  printf6.o(i._printf_post_padding)
    i._printf_pre_padding                    0x08003fee   Section        0  printf6.o(i._printf_pre_padding)
    _printf_pre_padding                      0x08003fef   Thumb Code    46  printf6.o(i._printf_pre_padding)
    i.add_value                              0x0800401c   Section        0  main.o(i.add_value)
    i.adxl_read                              0x08004034   Section        0  main.o(i.adxl_read)
    i.cmp                                    0x080040a0   Section        0  main.o(i.cmp)
    i.entero16_to32                          0x080040a8   Section        0  main.o(i.entero16_to32)
    i.estabilizador                          0x080040b8   Section        0  main.o(i.estabilizador)
    i.fputc                                  0x080040ec   Section        0  main.o(i.fputc)
    i.greeting                               0x08004104   Section        0  main.o(i.greeting)
    i.init_SPI                               0x08004180   Section        0  main.o(i.init_SPI)
    i.keyboard                               0x08004200   Section        0  main.o(i.keyboard)
    i.main                                   0x08004254   Section        0  main.o(i.main)
    i.media_min_max                          0x08004364   Section        0  main.o(i.media_min_max)
    i.selector_joy                           0x080043d0   Section        0  main.o(i.selector_joy)
    i.selector_pie                           0x08004494   Section        0  main.o(i.selector_pie)
    i.spi_read                               0x080044f4   Section        0  main.o(i.spi_read)
    .constdata                               0x0800453c   Section       64  system_stm32l4xx.o(.constdata)
    .constdata                               0x0800457c   Section        8  system_stm32l4xx.o(.constdata)
    .conststring                             0x08004584   Section       81  main.o(.conststring)
    .data                                    0x20000000   Section        4  stm32l4xx_hal.o(.data)
    .data                                    0x20000004   Section        4  system_stm32l4xx.o(.data)
    .data                                    0x20000008   Section       44  main.o(.data)
    max_pie                                  0x20000010   Data           4  main.o(.data)
    min_pie                                  0x20000014   Data           4  main.o(.data)
    paso_pie                                 0x20000018   Data           4  main.o(.data)
    max_joy                                  0x2000001c   Data           8  main.o(.data)
    min_joy                                  0x20000024   Data           8  main.o(.data)
    paso_joy                                 0x2000002c   Data           8  main.o(.data)
    .data                                    0x20000034   Section       32  usbd_desc.o(.data)
    .data                                    0x20000054   Section       36  usbd_desc.o(.data)
    .data                                    0x20000078   Section       56  usbd_hid.o(.data)
    .data                                    0x200000b0   Section      138  usbd_hid.o(.data)
    USBD_HID_CfgDesc                         0x200000b0   Data          34  usbd_hid.o(.data)
    USBD_HID_Desc                            0x200000d4   Data           9  usbd_hid.o(.data)
    USBD_HID_DeviceQualifierDesc             0x200000e0   Data          10  usbd_hid.o(.data)
    HID_MOUSE_ReportDesc                     0x200000ec   Data          78  usbd_hid.o(.data)
    .data                                    0x2000013a   Section        1  usbd_ctlreq.o(.data)
    cfgidx                                   0x2000013a   Data           1  usbd_ctlreq.o(.data)
    .data                                    0x2000013c   Section        4  stdout.o(.data)
    .bss                                     0x20000140   Section      344  main.o(.bss)
    .bss                                     0x20000298   Section      512  usbd_desc.o(.bss)
    .bss                                     0x20000498   Section      548  usb_device.o(.bss)
    .bss                                     0x200006bc   Section     1096  usbd_conf.o(.bss)
    mem                                      0x200006bc   Data          20  usbd_conf.o(.bss)
    STACK                                    0x20000b08   Section     1024  startup_stm32l432xx.o(STACK)

    Global Symbols

    Symbol Name                              Value     Ov Type        Size  Object(Section)

    BuildAttributes$$THM_ISAv4$E$P$D$K$B$S$7EM$VFPi3$EXTD16$VFPS$VFMA$PE$A:L22UL41UL21$X:L11$S22US41US21$IEEE1$IW$USESV6$~STKCKD$USESV7$~SHL$OSPACE$ROPI$EBA8$MICROLIB$REQ8$PRES8$EABIv2 0x00000000   Number         0  anon$$obj.o ABSOLUTE
    __ARM_use_no_argv                        0x00000000   Number         0  main.o ABSOLUTE
    _printf_a                                0x00000000   Number         0  stubs.o ABSOLUTE
    _printf_c                                0x00000000   Number         0  stubs.o ABSOLUTE
    _printf_charcount                        0x00000000   Number         0  stubs.o ABSOLUTE
    _printf_d                                0x00000000   Number         0  stubs.o ABSOLUTE
    _printf_e                                0x00000000   Number         0  stubs.o ABSOLUTE
    _printf_f                                0x00000000   Number         0  stubs.o ABSOLUTE
    _printf_flags                            0x00000000   Number         0  stubs.o ABSOLUTE
    _printf_fp_dec                           0x00000000   Number         0  stubs.o ABSOLUTE
    _printf_fp_hex                           0x00000000   Number         0  stubs.o ABSOLUTE
    _printf_g                                0x00000000   Number         0  stubs.o ABSOLUTE
    _printf_i                                0x00000000   Number         0  stubs.o ABSOLUTE
    _printf_int_dec                          0x00000000   Number         0  stubs.o ABSOLUTE
    _printf_l                                0x00000000   Number         0  stubs.o ABSOLUTE
    _printf_lc                               0x00000000   Number         0  stubs.o ABSOLUTE
    _printf_ll                               0x00000000   Number         0  stubs.o ABSOLUTE
    _printf_lld                              0x00000000   Number         0  stubs.o ABSOLUTE
    _printf_lli                              0x00000000   Number         0  stubs.o ABSOLUTE
    _printf_llo                              0x00000000   Number         0  stubs.o ABSOLUTE
    _printf_llu                              0x00000000   Number         0  stubs.o ABSOLUTE
    _printf_llx                              0x00000000   Number         0  stubs.o ABSOLUTE
    _printf_longlong_dec                     0x00000000   Number         0  stubs.o ABSOLUTE
    _printf_longlong_hex                     0x00000000   Number         0  stubs.o ABSOLUTE
    _printf_longlong_oct                     0x00000000   Number         0  stubs.o ABSOLUTE
    _printf_ls                               0x00000000   Number         0  stubs.o ABSOLUTE
    _printf_mbtowc                           0x00000000   Number         0  stubs.o ABSOLUTE
    _printf_n                                0x00000000   Number         0  stubs.o ABSOLUTE
    _printf_o                                0x00000000   Number         0  stubs.o ABSOLUTE
    _printf_p                                0x00000000   Number         0  stubs.o ABSOLUTE
    _printf_percent                          0x00000000   Number         0  stubs.o ABSOLUTE
    _printf_pre_padding                      0x00000000   Number         0  stubs.o ABSOLUTE
    _printf_return_value                     0x00000000   Number         0  stubs.o ABSOLUTE
    _printf_s                                0x00000000   Number         0  stubs.o ABSOLUTE
    _printf_sizespec                         0x00000000   Number         0  stubs.o ABSOLUTE
    _printf_str                              0x00000000   Number         0  stubs.o ABSOLUTE
    _printf_truncate_signed                  0x00000000   Number         0  stubs.o ABSOLUTE
    _printf_truncate_unsigned                0x00000000   Number         0  stubs.o ABSOLUTE
    _printf_u                                0x00000000   Number         0  stubs.o ABSOLUTE
    _printf_wc                               0x00000000   Number         0  stubs.o ABSOLUTE
    _printf_wctomb                           0x00000000   Number         0  stubs.o ABSOLUTE
    _printf_widthprec                        0x00000000   Number         0  stubs.o ABSOLUTE
    _printf_x                                0x00000000   Number         0  stubs.o ABSOLUTE
    __cpp_initialize__aeabi_                  - Undefined Weak Reference
    __cxa_finalize                            - Undefined Weak Reference
    _clock_init                               - Undefined Weak Reference
    _microlib_exit                            - Undefined Weak Reference
    __Vectors_Size                           0x0000018c   Number         0  startup_stm32l432xx.o ABSOLUTE
    __Vectors                                0x08000000   Data           4  startup_stm32l432xx.o(RESET)
    __Vectors_End                            0x0800018c   Data           0  startup_stm32l432xx.o(RESET)
    __main                                   0x0800018d   Thumb Code     0  entry.o(.ARM.Collect$$$$00000000)
    _main_stk                                0x0800018d   Thumb Code     0  entry2.o(.ARM.Collect$$$$00000001)
    _main_scatterload                        0x08000191   Thumb Code     0  entry5.o(.ARM.Collect$$$$00000004)
    __main_after_scatterload                 0x08000195   Thumb Code     0  entry5.o(.ARM.Collect$$$$00000004)
    _main_clock                              0x08000195   Thumb Code     0  entry7b.o(.ARM.Collect$$$$00000008)
    _main_cpp_init                           0x08000195   Thumb Code     0  entry8b.o(.ARM.Collect$$$$0000000A)
    _main_init                               0x08000195   Thumb Code     0  entry9a.o(.ARM.Collect$$$$0000000B)
    __rt_final_cpp                           0x0800019d   Thumb Code     0  entry10a.o(.ARM.Collect$$$$0000000D)
    __rt_final_exit                          0x0800019d   Thumb Code     0  entry11a.o(.ARM.Collect$$$$0000000F)
    Reset_Handler                            0x080001a1   Thumb Code     8  startup_stm32l432xx.o(.text)
    ADC1_IRQHandler                          0x080001bb   Thumb Code     0  startup_stm32l432xx.o(.text)
    CAN1_RX0_IRQHandler                      0x080001bb   Thumb Code     0  startup_stm32l432xx.o(.text)
    CAN1_RX1_IRQHandler                      0x080001bb   Thumb Code     0  startup_stm32l432xx.o(.text)
    CAN1_SCE_IRQHandler                      0x080001bb   Thumb Code     0  startup_stm32l432xx.o(.text)
    CAN1_TX_IRQHandler                       0x080001bb   Thumb Code     0  startup_stm32l432xx.o(.text)
    COMP_IRQHandler                          0x080001bb   Thumb Code     0  startup_stm32l432xx.o(.text)
    CRS_IRQHandler                           0x080001bb   Thumb Code     0  startup_stm32l432xx.o(.text)
    DMA1_Channel1_IRQHandler                 0x080001bb   Thumb Code     0  startup_stm32l432xx.o(.text)
    DMA1_Channel2_IRQHandler                 0x080001bb   Thumb Code     0  startup_stm32l432xx.o(.text)
    DMA1_Channel3_IRQHandler                 0x080001bb   Thumb Code     0  startup_stm32l432xx.o(.text)
    DMA1_Channel4_IRQHandler                 0x080001bb   Thumb Code     0  startup_stm32l432xx.o(.text)
    DMA1_Channel5_IRQHandler                 0x080001bb   Thumb Code     0  startup_stm32l432xx.o(.text)
    DMA1_Channel6_IRQHandler                 0x080001bb   Thumb Code     0  startup_stm32l432xx.o(.text)
    DMA1_Channel7_IRQHandler                 0x080001bb   Thumb Code     0  startup_stm32l432xx.o(.text)
    DMA2_Channel1_IRQHandler                 0x080001bb   Thumb Code     0  startup_stm32l432xx.o(.text)
    DMA2_Channel2_IRQHandler                 0x080001bb   Thumb Code     0  startup_stm32l432xx.o(.text)
    DMA2_Channel3_IRQHandler                 0x080001bb   Thumb Code     0  startup_stm32l432xx.o(.text)
    DMA2_Channel4_IRQHandler                 0x080001bb   Thumb Code     0  startup_stm32l432xx.o(.text)
    DMA2_Channel5_IRQHandler                 0x080001bb   Thumb Code     0  startup_stm32l432xx.o(.text)
    DMA2_Channel6_IRQHandler                 0x080001bb   Thumb Code     0  startup_stm32l432xx.o(.text)
    DMA2_Channel7_IRQHandler                 0x080001bb   Thumb Code     0  startup_stm32l432xx.o(.text)
    EXTI0_IRQHandler                         0x080001bb   Thumb Code     0  startup_stm32l432xx.o(.text)
    EXTI15_10_IRQHandler                     0x080001bb   Thumb Code     0  startup_stm32l432xx.o(.text)
    EXTI1_IRQHandler                         0x080001bb   Thumb Code     0  startup_stm32l432xx.o(.text)
    EXTI2_IRQHandler                         0x080001bb   Thumb Code     0  startup_stm32l432xx.o(.text)
    EXTI3_IRQHandler                         0x080001bb   Thumb Code     0  startup_stm32l432xx.o(.text)
    EXTI4_IRQHandler                         0x080001bb   Thumb Code     0  startup_stm32l432xx.o(.text)
    EXTI9_5_IRQHandler                       0x080001bb   Thumb Code     0  startup_stm32l432xx.o(.text)
    FLASH_IRQHandler                         0x080001bb   Thumb Code     0  startup_stm32l432xx.o(.text)
    FPU_IRQHandler                           0x080001bb   Thumb Code     0  startup_stm32l432xx.o(.text)
    I2C1_ER_IRQHandler                       0x080001bb   Thumb Code     0  startup_stm32l432xx.o(.text)
    I2C1_EV_IRQHandler                       0x080001bb   Thumb Code     0  startup_stm32l432xx.o(.text)
    I2C3_ER_IRQHandler                       0x080001bb   Thumb Code     0  startup_stm32l432xx.o(.text)
    I2C3_EV_IRQHandler                       0x080001bb   Thumb Code     0  startup_stm32l432xx.o(.text)
    LPTIM1_IRQHandler                        0x080001bb   Thumb Code     0  startup_stm32l432xx.o(.text)
    LPTIM2_IRQHandler                        0x080001bb   Thumb Code     0  startup_stm32l432xx.o(.text)
    LPUART1_IRQHandler                       0x080001bb   Thumb Code     0  startup_stm32l432xx.o(.text)
    PVD_PVM_IRQHandler                       0x080001bb   Thumb Code     0  startup_stm32l432xx.o(.text)
    QUADSPI_IRQHandler                       0x080001bb   Thumb Code     0  startup_stm32l432xx.o(.text)
    RNG_IRQHandler                           0x080001bb   Thumb Code     0  startup_stm32l432xx.o(.text)
    RTC_Alarm_IRQHandler                     0x080001bb   Thumb Code     0  startup_stm32l432xx.o(.text)
    RTC_WKUP_IRQHandler                      0x080001bb   Thumb Code     0  startup_stm32l432xx.o(.text)
    SAI1_IRQHandler                          0x080001bb   Thumb Code     0  startup_stm32l432xx.o(.text)
    SPI1_IRQHandler                          0x080001bb   Thumb Code     0  startup_stm32l432xx.o(.text)
    SPI3_IRQHandler                          0x080001bb   Thumb Code     0  startup_stm32l432xx.o(.text)
    SWPMI1_IRQHandler                        0x080001bb   Thumb Code     0  startup_stm32l432xx.o(.text)
    TAMP_STAMP_IRQHandler                    0x080001bb   Thumb Code     0  startup_stm32l432xx.o(.text)
    TIM1_BRK_TIM15_IRQHandler                0x080001bb   Thumb Code     0  startup_stm32l432xx.o(.text)
    TIM1_CC_IRQHandler                       0x080001bb   Thumb Code     0  startup_stm32l432xx.o(.text)
    TIM1_TRG_COM_IRQHandler                  0x080001bb   Thumb Code     0  startup_stm32l432xx.o(.text)
    TIM1_UP_TIM16_IRQHandler                 0x080001bb   Thumb Code     0  startup_stm32l432xx.o(.text)
    TIM2_IRQHandler                          0x080001bb   Thumb Code     0  startup_stm32l432xx.o(.text)
    TIM6_DAC_IRQHandler                      0x080001bb   Thumb Code     0  startup_stm32l432xx.o(.text)
    TIM7_IRQHandler                          0x080001bb   Thumb Code     0  startup_stm32l432xx.o(.text)
    TSC_IRQHandler                           0x080001bb   Thumb Code     0  startup_stm32l432xx.o(.text)
    USART1_IRQHandler                        0x080001bb   Thumb Code     0  startup_stm32l432xx.o(.text)
    USART2_IRQHandler                        0x080001bb   Thumb Code     0  startup_stm32l432xx.o(.text)
    WWDG_IRQHandler                          0x080001bb   Thumb Code     0  startup_stm32l432xx.o(.text)
    __aeabi_uldivmod                         0x080001c5   Thumb Code    98  uldiv.o(.text)
    qsort                                    0x0800022d   Thumb Code   156  qsort.o(.text)
    __aeabi_memcpy                           0x080002cf   Thumb Code    36  memcpya.o(.text)
    __aeabi_memcpy4                          0x080002cf   Thumb Code     0  memcpya.o(.text)
    __aeabi_memcpy8                          0x080002cf   Thumb Code     0  memcpya.o(.text)
    __aeabi_uidiv                            0x080002f3   Thumb Code     0  uidiv.o(.text)
    __aeabi_uidivmod                         0x080002f3   Thumb Code    44  uidiv.o(.text)
    __aeabi_llsl                             0x0800031f   Thumb Code    30  llshl.o(.text)
    _ll_shift_l                              0x0800031f   Thumb Code     0  llshl.o(.text)
    __aeabi_llsr                             0x0800033d   Thumb Code    32  llushr.o(.text)
    _ll_ushift_r                             0x0800033d   Thumb Code     0  llushr.o(.text)
    __scatterload                            0x0800035d   Thumb Code    28  init.o(.text)
    __scatterload_rt2                        0x0800035d   Thumb Code     0  init.o(.text)
    __decompress                             0x08000381   Thumb Code     0  __dczerorl2.o(.text)
    __decompress1                            0x08000381   Thumb Code    86  __dczerorl2.o(.text)
    BusFault_Handler                         0x080003d7   Thumb Code     2  stm32l4xx_it.o(i.BusFault_Handler)
    DebugMon_Handler                         0x080003d9   Thumb Code     2  stm32l4xx_it.o(i.DebugMon_Handler)
    HAL_Delay                                0x080003db   Thumb Code    28  stm32l4xx_hal.o(i.HAL_Delay)
    HAL_GPIO_Init                            0x080003f9   Thumb Code   376  stm32l4xx_hal_gpio.o(i.HAL_GPIO_Init)
    HAL_GPIO_ReadPin                         0x0800058b   Thumb Code    10  stm32l4xx_hal_gpio.o(i.HAL_GPIO_ReadPin)
    HAL_GPIO_WritePin                        0x08000595   Thumb Code    10  stm32l4xx_hal_gpio.o(i.HAL_GPIO_WritePin)
    HAL_GetTick                              0x080005a1   Thumb Code     6  stm32l4xx_hal.o(i.HAL_GetTick)
    HAL_IncTick                              0x080005ad   Thumb Code    10  stm32l4xx_hal.o(i.HAL_IncTick)
    HAL_Init                                 0x080005bd   Thumb Code    22  stm32l4xx_hal.o(i.HAL_Init)
    HAL_InitTick                             0x080005d5   Thumb Code    34  stm32l4xx_hal.o(i.HAL_InitTick)
    HAL_MspInit                              0x080005fd   Thumb Code   138  stm32l4xx_hal_msp.o(i.HAL_MspInit)
    HAL_NVIC_EnableIRQ                       0x0800068d   Thumb Code    22  stm32l4xx_hal_cortex.o(i.HAL_NVIC_EnableIRQ)
    HAL_NVIC_SetPriority                     0x080006a5   Thumb Code    60  stm32l4xx_hal_cortex.o(i.HAL_NVIC_SetPriority)
    HAL_NVIC_SetPriorityGrouping             0x080006e5   Thumb Code    26  stm32l4xx_hal_cortex.o(i.HAL_NVIC_SetPriorityGrouping)
    HAL_PCDEx_ActivateBCD                    0x08000709   Thumb Code    30  stm32l4xx_hal_pcd_ex.o(i.HAL_PCDEx_ActivateBCD)
    HAL_PCDEx_ActivateLPM                    0x08000727   Thumb Code    36  stm32l4xx_hal_pcd_ex.o(i.HAL_PCDEx_ActivateLPM)
    HAL_PCDEx_LPM_Callback                   0x0800074d   Thumb Code    64  usbd_conf.o(i.HAL_PCDEx_LPM_Callback)
    HAL_PCDEx_PMAConfig                      0x08000791   Thumb Code    52  stm32l4xx_hal_pcd_ex.o(i.HAL_PCDEx_PMAConfig)
    HAL_PCD_DataInStageCallback              0x080007c5   Thumb Code    14  usbd_conf.o(i.HAL_PCD_DataInStageCallback)
    HAL_PCD_DataOutStageCallback             0x080007d3   Thumb Code    16  usbd_conf.o(i.HAL_PCD_DataOutStageCallback)
    HAL_PCD_EP_Close                         0x080007e3   Thumb Code    64  stm32l4xx_hal_pcd.o(i.HAL_PCD_EP_Close)
    HAL_PCD_EP_ClrStall                      0x08000823   Thumb Code    72  stm32l4xx_hal_pcd.o(i.HAL_PCD_EP_ClrStall)
    HAL_PCD_EP_Open                          0x0800086b   Thumb Code    68  stm32l4xx_hal_pcd.o(i.HAL_PCD_EP_Open)
    HAL_PCD_EP_Receive                       0x080008af   Thumb Code    48  stm32l4xx_hal_pcd.o(i.HAL_PCD_EP_Receive)
    HAL_PCD_EP_SetStall                      0x080008df   Thumb Code    88  stm32l4xx_hal_pcd.o(i.HAL_PCD_EP_SetStall)
    HAL_PCD_EP_Transmit                      0x08000937   Thumb Code    44  stm32l4xx_hal_pcd.o(i.HAL_PCD_EP_Transmit)
    HAL_PCD_IRQHandler                       0x08000963   Thumb Code   414  stm32l4xx_hal_pcd.o(i.HAL_PCD_IRQHandler)
    HAL_PCD_Init                             0x08000b01   Thumb Code   216  stm32l4xx_hal_pcd.o(i.HAL_PCD_Init)
    HAL_PCD_MspInit                          0x08000bd9   Thumb Code    50  usbd_conf.o(i.HAL_PCD_MspInit)
    HAL_PCD_ResetCallback                    0x08000c15   Thumb Code    26  usbd_conf.o(i.HAL_PCD_ResetCallback)
    HAL_PCD_ResumeCallback                   0x08000c31   Thumb Code    34  usbd_conf.o(i.HAL_PCD_ResumeCallback)
    HAL_PCD_SOFCallback                      0x08000c59   Thumb Code     8  usbd_conf.o(i.HAL_PCD_SOFCallback)
    HAL_PCD_SetAddress                       0x08000c61   Thumb Code    40  stm32l4xx_hal_pcd.o(i.HAL_PCD_SetAddress)
    HAL_PCD_SetupStageCallback               0x08000c89   Thumb Code    14  usbd_conf.o(i.HAL_PCD_SetupStageCallback)
    HAL_PCD_Start                            0x08000c97   Thumb Code    42  stm32l4xx_hal_pcd.o(i.HAL_PCD_Start)
    HAL_PCD_SuspendCallback                  0x08000cc1   Thumb Code    30  usbd_conf.o(i.HAL_PCD_SuspendCallback)
    HAL_PWREx_ControlVoltageScaling          0x08000ce5   Thumb Code    86  stm32l4xx_hal_pwr_ex.o(i.HAL_PWREx_ControlVoltageScaling)
    HAL_PWREx_EnableVddUSB                   0x08000d49   Thumb Code    12  stm32l4xx_hal_pwr_ex.o(i.HAL_PWREx_EnableVddUSB)
    HAL_PWREx_GetVoltageRange                0x08000d59   Thumb Code    10  stm32l4xx_hal_pwr_ex.o(i.HAL_PWREx_GetVoltageRange)
    HAL_RCCEx_EnableMSIPLLMode               0x08000d69   Thumb Code    12  stm32l4xx_hal_rcc_ex.o(i.HAL_RCCEx_EnableMSIPLLMode)
    HAL_RCCEx_PeriphCLKConfig                0x08000d79   Thumb Code   634  stm32l4xx_hal_rcc_ex.o(i.HAL_RCCEx_PeriphCLKConfig)
    HAL_RCC_ClockConfig                      0x08001005   Thumb Code   358  stm32l4xx_hal_rcc.o(i.HAL_RCC_ClockConfig)
    HAL_RCC_GetHCLKFreq                      0x0800117d   Thumb Code     6  stm32l4xx_hal_rcc.o(i.HAL_RCC_GetHCLKFreq)
    HAL_RCC_GetPCLK1Freq                     0x08001189   Thumb Code    20  stm32l4xx_hal_rcc.o(i.HAL_RCC_GetPCLK1Freq)
    HAL_RCC_GetPCLK2Freq                     0x080011a9   Thumb Code    20  stm32l4xx_hal_rcc.o(i.HAL_RCC_GetPCLK2Freq)
    HAL_RCC_GetSysClockFreq                  0x080011c9   Thumb Code   182  stm32l4xx_hal_rcc.o(i.HAL_RCC_GetSysClockFreq)
    HAL_RCC_OscConfig                        0x0800128d   Thumb Code  1194  stm32l4xx_hal_rcc.o(i.HAL_RCC_OscConfig)
    HAL_SPI_Init                             0x0800173d   Thumb Code   172  stm32l4xx_hal_spi.o(i.HAL_SPI_Init)
    HAL_SPI_MspInit                          0x080017e9   Thumb Code    64  stm32l4xx_hal_msp.o(i.HAL_SPI_MspInit)
    HAL_SPI_Receive                          0x08001831   Thumb Code   366  stm32l4xx_hal_spi.o(i.HAL_SPI_Receive)
    HAL_SPI_Transmit                         0x080019a5   Thumb Code   374  stm32l4xx_hal_spi.o(i.HAL_SPI_Transmit)
    HAL_SPI_TransmitReceive                  0x08001b21   Thumb Code   574  stm32l4xx_hal_spi.o(i.HAL_SPI_TransmitReceive)
    HAL_SYSTICK_CLKSourceConfig              0x08001d65   Thumb Code    24  stm32l4xx_hal_cortex.o(i.HAL_SYSTICK_CLKSourceConfig)
    HAL_SYSTICK_Callback                     0x08001d7d   Thumb Code     2  stm32l4xx_hal_cortex.o(i.HAL_SYSTICK_Callback)
    HAL_SYSTICK_Config                       0x08001d7f   Thumb Code    40  stm32l4xx_hal_cortex.o(i.HAL_SYSTICK_Config)
    HAL_SYSTICK_IRQHandler                   0x08001da7   Thumb Code     8  stm32l4xx_hal_cortex.o(i.HAL_SYSTICK_IRQHandler)
    HAL_UART_Init                            0x08001daf   Thumb Code   106  stm32l4xx_hal_uart.o(i.HAL_UART_Init)
    HAL_UART_MspInit                         0x08001e19   Thumb Code    64  stm32l4xx_hal_msp.o(i.HAL_UART_MspInit)
    HAL_UART_Transmit                        0x08001e61   Thumb Code   176  stm32l4xx_hal_uart.o(i.HAL_UART_Transmit)
    HardFault_Handler                        0x08001f11   Thumb Code     2  stm32l4xx_it.o(i.HardFault_Handler)
    MX_USB_DEVICE_Init                       0x0800200d   Thumb Code    42  usb_device.o(i.MX_USB_DEVICE_Init)
    MemManage_Handler                        0x08002045   Thumb Code     2  stm32l4xx_it.o(i.MemManage_Handler)
    NMI_Handler                              0x08002047   Thumb Code     2  stm32l4xx_it.o(i.NMI_Handler)
    PendSV_Handler                           0x08002397   Thumb Code     2  stm32l4xx_it.o(i.PendSV_Handler)
    RCC_IRQHandler                           0x080024c5   Thumb Code     2  stm32l4xx_it.o(i.RCC_IRQHandler)
    SVC_Handler                              0x08002733   Thumb Code     2  stm32l4xx_it.o(i.SVC_Handler)
    SysTick_Handler                          0x08002735   Thumb Code    14  stm32l4xx_it.o(i.SysTick_Handler)
    SystemClock_Config                       0x08002745   Thumb Code   184  main.o(i.SystemClock_Config)
    SystemInit                               0x08002801   Thumb Code    56  system_stm32l4xx.o(i.SystemInit)
    UART_AdvFeatureConfig                    0x08002845   Thumb Code   200  stm32l4xx_hal_uart.o(i.UART_AdvFeatureConfig)
    UART_CheckIdleState                      0x0800290d   Thumb Code    92  stm32l4xx_hal_uart.o(i.UART_CheckIdleState)
    UART_SetConfig                           0x08002969   Thumb Code   526  stm32l4xx_hal_uart.o(i.UART_SetConfig)
    UART_WaitOnFlagUntilTimeout              0x08002b9d   Thumb Code   100  stm32l4xx_hal_uart.o(i.UART_WaitOnFlagUntilTimeout)
    USBD_ClrClassConfig                      0x08002c01   Thumb Code    14  usbd_core.o(i.USBD_ClrClassConfig)
    USBD_CtlContinueRx                       0x08002c0f   Thumb Code    16  usbd_ioreq.o(i.USBD_CtlContinueRx)
    USBD_CtlContinueSendData                 0x08002c1f   Thumb Code    16  usbd_ioreq.o(i.USBD_CtlContinueSendData)
    USBD_CtlError                            0x08002c2f   Thumb Code    22  usbd_ctlreq.o(i.USBD_CtlError)
    USBD_CtlReceiveStatus                    0x08002c45   Thumb Code    22  usbd_ioreq.o(i.USBD_CtlReceiveStatus)
    USBD_CtlSendData                         0x08002c5b   Thumb Code    26  usbd_ioreq.o(i.USBD_CtlSendData)
    USBD_CtlSendStatus                       0x08002c75   Thumb Code    22  usbd_ioreq.o(i.USBD_CtlSendStatus)
    USBD_FS_ConfigStrDescriptor              0x08002c8d   Thumb Code    16  usbd_desc.o(i.USBD_FS_ConfigStrDescriptor)
    USBD_FS_DeviceDescriptor                 0x08002cad   Thumb Code     8  usbd_desc.o(i.USBD_FS_DeviceDescriptor)
    USBD_FS_InterfaceStrDescriptor           0x08002cb9   Thumb Code    16  usbd_desc.o(i.USBD_FS_InterfaceStrDescriptor)
    USBD_FS_LangIDStrDescriptor              0x08002cdd   Thumb Code     8  usbd_desc.o(i.USBD_FS_LangIDStrDescriptor)
    USBD_FS_ManufacturerStrDescriptor        0x08002ce9   Thumb Code    16  usbd_desc.o(i.USBD_FS_ManufacturerStrDescriptor)
    USBD_FS_ProductStrDescriptor             0x08002d11   Thumb Code    16  usbd_desc.o(i.USBD_FS_ProductStrDescriptor)
    USBD_FS_SerialStrDescriptor              0x08002d3d   Thumb Code    16  usbd_desc.o(i.USBD_FS_SerialStrDescriptor)
    USBD_FS_USR_BOSDescriptor                0x08002d61   Thumb Code     8  usbd_desc.o(i.USBD_FS_USR_BOSDescriptor)
    USBD_GetString                           0x08002e63   Thumb Code    70  usbd_ctlreq.o(i.USBD_GetString)
    USBD_HID_SendReport                      0x08002f15   Thumb Code    36  usbd_hid.o(i.USBD_HID_SendReport)
    USBD_Init                                0x08002fd9   Thumb Code    42  usbd_core.o(i.USBD_Init)
    USBD_LL_BatteryCharging                  0x08003003   Thumb Code    18  usbd_conf.o(i.USBD_LL_BatteryCharging)
    USBD_LL_ClearStallEP                     0x08003015   Thumb Code    32  usbd_conf.o(i.USBD_LL_ClearStallEP)
    USBD_LL_CloseEP                          0x08003035   Thumb Code    32  usbd_conf.o(i.USBD_LL_CloseEP)
    USBD_LL_DataInStage                      0x08003055   Thumb Code   170  usbd_core.o(i.USBD_LL_DataInStage)
    USBD_LL_DataOutStage                     0x080030ff   Thumb Code   106  usbd_core.o(i.USBD_LL_DataOutStage)
    USBD_LL_Init                             0x08003169   Thumb Code   110  usbd_conf.o(i.USBD_LL_Init)
    USBD_LL_IsStallEP                        0x080031f5   Thumb Code    28  usbd_conf.o(i.USBD_LL_IsStallEP)
    USBD_LL_OpenEP                           0x08003211   Thumb Code    38  usbd_conf.o(i.USBD_LL_OpenEP)
    USBD_LL_PrepareReceive                   0x08003237   Thumb Code    32  usbd_conf.o(i.USBD_LL_PrepareReceive)
    USBD_LL_Reset                            0x08003257   Thumb Code    62  usbd_core.o(i.USBD_LL_Reset)
    USBD_LL_Resume                           0x08003295   Thumb Code    12  usbd_core.o(i.USBD_LL_Resume)
    USBD_LL_SOF                              0x080032a1   Thumb Code    24  usbd_core.o(i.USBD_LL_SOF)
    USBD_LL_SetSpeed                         0x080032b9   Thumb Code     6  usbd_core.o(i.USBD_LL_SetSpeed)
    USBD_LL_SetUSBAddress                    0x080032bf   Thumb Code    32  usbd_conf.o(i.USBD_LL_SetUSBAddress)
    USBD_LL_SetupStage                       0x080032df   Thumb Code    90  usbd_core.o(i.USBD_LL_SetupStage)
    USBD_LL_StallEP                          0x08003339   Thumb Code    32  usbd_conf.o(i.USBD_LL_StallEP)
    USBD_LL_Start                            0x08003359   Thumb Code    32  usbd_conf.o(i.USBD_LL_Start)
    USBD_LL_Suspend                          0x08003379   Thumb Code    18  usbd_core.o(i.USBD_LL_Suspend)
    USBD_LL_Transmit                         0x0800338b   Thumb Code    32  usbd_conf.o(i.USBD_LL_Transmit)
    USBD_ParseSetupRequest                   0x080033ab   Thumb Code    40  usbd_ctlreq.o(i.USBD_ParseSetupRequest)
    USBD_RegisterClass                       0x080033d3   Thumb Code    16  usbd_core.o(i.USBD_RegisterClass)
    USBD_SetClassConfig                      0x080033e3   Thumb Code    22  usbd_core.o(i.USBD_SetClassConfig)
    USBD_Start                               0x0800346d   Thumb Code    10  usbd_core.o(i.USBD_Start)
    USBD_StdDevReq                           0x08003477   Thumb Code   242  usbd_ctlreq.o(i.USBD_StdDevReq)
    USBD_StdEPReq                            0x08003569   Thumb Code   220  usbd_ctlreq.o(i.USBD_StdEPReq)
    USBD_StdItfReq                           0x08003645   Thumb Code    52  usbd_ctlreq.o(i.USBD_StdItfReq)
    USBD_static_free                         0x08003679   Thumb Code     2  usbd_conf.o(i.USBD_static_free)
    USBD_static_malloc                       0x0800367d   Thumb Code     4  usbd_conf.o(i.USBD_static_malloc)
    USB_ActivateEndpoint                     0x08003685   Thumb Code   582  stm32l4xx_ll_usb.o(i.USB_ActivateEndpoint)
    USB_CoreInit                             0x080038d1   Thumb Code     4  stm32l4xx_ll_usb.o(i.USB_CoreInit)
    USB_DeactivateEndpoint                   0x080038d5   Thumb Code   292  stm32l4xx_ll_usb.o(i.USB_DeactivateEndpoint)
    USB_DevConnect                           0x080039f9   Thumb Code    14  stm32l4xx_ll_usb.o(i.USB_DevConnect)
    USB_DevDisconnect                        0x08003a0d   Thumb Code    14  stm32l4xx_ll_usb.o(i.USB_DevDisconnect)
    USB_DevInit                              0x08003a21   Thumb Code    18  stm32l4xx_ll_usb.o(i.USB_DevInit)
    USB_DisableGlobalInt                     0x08003a33   Thumb Code    14  stm32l4xx_ll_usb.o(i.USB_DisableGlobalInt)
    USB_EP0_OutStart                         0x08003a41   Thumb Code     4  stm32l4xx_ll_usb.o(i.USB_EP0_OutStart)
    USB_EPClearStall                         0x08003a45   Thumb Code   106  stm32l4xx_ll_usb.o(i.USB_EPClearStall)
    USB_EPSetStall                           0x08003aaf   Thumb Code    74  stm32l4xx_ll_usb.o(i.USB_EPSetStall)
    USB_EPStartXfer                          0x08003af9   Thumb Code   292  stm32l4xx_ll_usb.o(i.USB_EPStartXfer)
    USB_EnableGlobalInt                      0x08003c1d   Thumb Code    14  stm32l4xx_ll_usb.o(i.USB_EnableGlobalInt)
    USB_IRQHandler                           0x08003c2d   Thumb Code     6  stm32l4xx_it.o(i.USB_IRQHandler)
    USB_ReadInterrupts                       0x08003c39   Thumb Code     6  stm32l4xx_ll_usb.o(i.USB_ReadInterrupts)
    USB_ReadPMA                              0x08003c3f   Thumb Code    26  stm32l4xx_ll_usb.o(i.USB_ReadPMA)
    USB_SetCurrentMode                       0x08003c59   Thumb Code     4  stm32l4xx_ll_usb.o(i.USB_SetCurrentMode)
    USB_SetDevAddress                        0x08003c5d   Thumb Code    12  stm32l4xx_ll_usb.o(i.USB_SetDevAddress)
    USB_WritePMA                             0x08003c69   Thumb Code    38  stm32l4xx_ll_usb.o(i.USB_WritePMA)
    UsageFault_Handler                       0x08003c8f   Thumb Code     2  stm32l4xx_it.o(i.UsageFault_Handler)
    _Error_Handler                           0x08003c91   Thumb Code     2  main.o(i._Error_Handler)
    __0printf$6                              0x08003c95   Thumb Code    22  printf6.o(i.__0printf$6)
    __1printf$6                              0x08003c95   Thumb Code     0  printf6.o(i.__0printf$6)
    __2printf                                0x08003c95   Thumb Code     0  printf6.o(i.__0printf$6)
    __scatterload_copy                       0x08003cb5   Thumb Code    14  handlers.o(i.__scatterload_copy)
    __scatterload_null                       0x08003cc3   Thumb Code     2  handlers.o(i.__scatterload_null)
    __scatterload_zeroinit                   0x08003cc5   Thumb Code    14  handlers.o(i.__scatterload_zeroinit)
    add_value                                0x0800401d   Thumb Code    24  main.o(i.add_value)
    adxl_read                                0x08004035   Thumb Code   102  main.o(i.adxl_read)
    cmp                                      0x080040a1   Thumb Code     8  main.o(i.cmp)
    entero16_to32                            0x080040a9   Thumb Code    12  main.o(i.entero16_to32)
    estabilizador                            0x080040b9   Thumb Code    52  main.o(i.estabilizador)
    fputc                                    0x080040ed   Thumb Code    20  main.o(i.fputc)
    greeting                                 0x08004105   Thumb Code    94  main.o(i.greeting)
    init_SPI                                 0x08004181   Thumb Code   120  main.o(i.init_SPI)
    keyboard                                 0x08004201   Thumb Code    80  main.o(i.keyboard)
    main                                     0x08004255   Thumb Code   222  main.o(i.main)
    media_min_max                            0x08004365   Thumb Code   104  main.o(i.media_min_max)
    selector_joy                             0x080043d1   Thumb Code   186  main.o(i.selector_joy)
    selector_pie                             0x08004495   Thumb Code    86  main.o(i.selector_pie)
    spi_read                                 0x080044f5   Thumb Code    66  main.o(i.spi_read)
    AHBPrescTable                            0x0800453c   Data          16  system_stm32l4xx.o(.constdata)
    MSIRangeTable                            0x0800454c   Data          48  system_stm32l4xx.o(.constdata)
    APBPrescTable                            0x0800457c   Data           8  system_stm32l4xx.o(.constdata)
    Region$$Table$$Base                      0x080045d8   Number         0  anon$$obj.o(Region$$Table)
    Region$$Table$$Limit                     0x080045f8   Number         0  anon$$obj.o(Region$$Table)
    uwTick                                   0x20000000   Data           4  stm32l4xx_hal.o(.data)
    SystemCoreClock                          0x20000004   Data           4  system_stm32l4xx.o(.data)
    POWER_CTL                                0x20000008   Data           1  main.o(.data)
    DATA_FORMAT                              0x20000009   Data           1  main.o(.data)
    DATAX0                                   0x2000000a   Data           1  main.o(.data)
    spiData                                  0x2000000b   Data           2  main.o(.data)
    FS_Desc                                  0x20000034   Data          32  usbd_desc.o(.data)
    USBD_LangIDDesc                          0x20000054   Data           4  usbd_desc.o(.data)
    USBD_FS_DeviceDesc                       0x20000058   Data          18  usbd_desc.o(.data)
    USBD_FS_BOSDesc                          0x2000006c   Data          12  usbd_desc.o(.data)
    USBD_HID                                 0x20000078   Data          56  usbd_hid.o(.data)
    __stdout                                 0x2000013c   Data           4  stdout.o(.data)
    hspi1                                    0x20000140   Data         100  main.o(.bss)
    huart2                                   0x200001a4   Data         120  main.o(.bss)
    mx                                       0x2000021c   Data          60  main.o(.bss)
    data_csv                                 0x20000258   Data          64  main.o(.bss)
    USBD_StrDesc                             0x20000298   Data         512  usbd_desc.o(.bss)
    hUsbDeviceFS                             0x20000498   Data         548  usb_device.o(.bss)
    hpcd_USB_FS                              0x200006d0   Data        1076  usbd_conf.o(.bss)
    __initial_sp                             0x20000f08   Data           0  startup_stm32l432xx.o(STACK)



==============================================================================

Memory Map of the image

  Image Entry point : 0x0800018d

  Load Region LR_IROM1 (Base: 0x08000000, Size: 0x00004738, Max: 0x00040000, ABSOLUTE, COMPRESSED[0x000046dc])

    Execution Region ER_IROM1 (Exec base: 0x08000000, Load base: 0x08000000, Size: 0x000045f8, Max: 0x00040000, ABSOLUTE)

    Exec Addr    Load Addr    Size         Type   Attr      Idx    E Section Name        Object

    0x08000000   0x08000000   0x0000018c   Data   RO            3    RESET               startup_stm32l432xx.o
    0x0800018c   0x0800018c   0x00000000   Code   RO         4166  * .ARM.Collect$$$$00000000  mc_w.l(entry.o)
    0x0800018c   0x0800018c   0x00000004   Code   RO         4438    .ARM.Collect$$$$00000001  mc_w.l(entry2.o)
    0x08000190   0x08000190   0x00000004   Code   RO         4441    .ARM.Collect$$$$00000004  mc_w.l(entry5.o)
    0x08000194   0x08000194   0x00000000   Code   RO         4443    .ARM.Collect$$$$00000008  mc_w.l(entry7b.o)
    0x08000194   0x08000194   0x00000000   Code   RO         4445    .ARM.Collect$$$$0000000A  mc_w.l(entry8b.o)
    0x08000194   0x08000194   0x00000008   Code   RO         4446    .ARM.Collect$$$$0000000B  mc_w.l(entry9a.o)
    0x0800019c   0x0800019c   0x00000000   Code   RO         4448    .ARM.Collect$$$$0000000D  mc_w.l(entry10a.o)
    0x0800019c   0x0800019c   0x00000000   Code   RO         4450    .ARM.Collect$$$$0000000F  mc_w.l(entry11a.o)
    0x0800019c   0x0800019c   0x00000004   Code   RO         4439    .ARM.Collect$$$$00002712  mc_w.l(entry2.o)
    0x080001a0   0x080001a0   0x00000024   Code   RO            4    .text               startup_stm32l432xx.o
    0x080001c4   0x080001c4   0x00000068   Code   RO         4169    .text               mc_w.l(uldiv.o)
    0x0800022c   0x0800022c   0x000000a2   Code   RO         4171    .text               mc_w.l(qsort.o)
    0x080002ce   0x080002ce   0x00000024   Code   RO         4173    .text               mc_w.l(memcpya.o)
    0x080002f2   0x080002f2   0x0000002c   Code   RO         4453    .text               mc_w.l(uidiv.o)
    0x0800031e   0x0800031e   0x0000001e   Code   RO         4455    .text               mc_w.l(llshl.o)
    0x0800033c   0x0800033c   0x00000020   Code   RO         4457    .text               mc_w.l(llushr.o)
    0x0800035c   0x0800035c   0x00000024   Code   RO         4470    .text               mc_w.l(init.o)
    0x08000380   0x08000380   0x00000056   Code   RO         4484    .text               mc_w.l(__dczerorl2.o)
    0x080003d6   0x080003d6   0x00000002   Code   RO         3243    i.BusFault_Handler  stm32l4xx_it.o
    0x080003d8   0x080003d8   0x00000002   Code   RO         3244    i.DebugMon_Handler  stm32l4xx_it.o
    0x080003da   0x080003da   0x0000001c   Code   RO         1184    i.HAL_Delay         stm32l4xx_hal.o
    0x080003f6   0x080003f6   0x00000002   PAD
    0x080003f8   0x080003f8   0x00000192   Code   RO         2498    i.HAL_GPIO_Init     stm32l4xx_hal_gpio.o
    0x0800058a   0x0800058a   0x0000000a   Code   RO         2500    i.HAL_GPIO_ReadPin  stm32l4xx_hal_gpio.o
    0x08000594   0x08000594   0x0000000a   Code   RO         2502    i.HAL_GPIO_WritePin  stm32l4xx_hal_gpio.o
    0x0800059e   0x0800059e   0x00000002   PAD
    0x080005a0   0x080005a0   0x0000000c   Code   RO         1188    i.HAL_GetTick       stm32l4xx_hal.o
    0x080005ac   0x080005ac   0x00000010   Code   RO         1192    i.HAL_IncTick       stm32l4xx_hal.o
    0x080005bc   0x080005bc   0x00000016   Code   RO         1193    i.HAL_Init          stm32l4xx_hal.o
    0x080005d2   0x080005d2   0x00000002   PAD
    0x080005d4   0x080005d4   0x00000028   Code   RO         1194    i.HAL_InitTick      stm32l4xx_hal.o
    0x080005fc   0x080005fc   0x00000090   Code   RO         3195    i.HAL_MspInit       stm32l4xx_hal_msp.o
    0x0800068c   0x0800068c   0x00000016   Code   RO         2564    i.HAL_NVIC_EnableIRQ  stm32l4xx_hal_cortex.o
    0x080006a2   0x080006a2   0x00000002   PAD
    0x080006a4   0x080006a4   0x00000040   Code   RO         2570    i.HAL_NVIC_SetPriority  stm32l4xx_hal_cortex.o
    0x080006e4   0x080006e4   0x00000024   Code   RO         2571    i.HAL_NVIC_SetPriorityGrouping  stm32l4xx_hal_cortex.o
    0x08000708   0x08000708   0x0000001e   Code   RO         2876    i.HAL_PCDEx_ActivateBCD  stm32l4xx_hal_pcd_ex.o
    0x08000726   0x08000726   0x00000024   Code   RO         2877    i.HAL_PCDEx_ActivateLPM  stm32l4xx_hal_pcd_ex.o
    0x0800074a   0x0800074a   0x00000002   PAD
    0x0800074c   0x0800074c   0x00000044   Code   RO         3620    i.HAL_PCDEx_LPM_Callback  usbd_conf.o
    0x08000790   0x08000790   0x00000034   Code   RO         2883    i.HAL_PCDEx_PMAConfig  stm32l4xx_hal_pcd_ex.o
    0x080007c4   0x080007c4   0x0000000e   Code   RO         3623    i.HAL_PCD_DataInStageCallback  usbd_conf.o
    0x080007d2   0x080007d2   0x00000010   Code   RO         3624    i.HAL_PCD_DataOutStageCallback  usbd_conf.o
    0x080007e2   0x080007e2   0x00000040   Code   RO         2951    i.HAL_PCD_EP_Close  stm32l4xx_hal_pcd.o
    0x08000822   0x08000822   0x00000048   Code   RO         2952    i.HAL_PCD_EP_ClrStall  stm32l4xx_hal_pcd.o
    0x0800086a   0x0800086a   0x00000044   Code   RO         2955    i.HAL_PCD_EP_Open   stm32l4xx_hal_pcd.o
    0x080008ae   0x080008ae   0x00000030   Code   RO         2956    i.HAL_PCD_EP_Receive  stm32l4xx_hal_pcd.o
    0x080008de   0x080008de   0x00000058   Code   RO         2957    i.HAL_PCD_EP_SetStall  stm32l4xx_hal_pcd.o
    0x08000936   0x08000936   0x0000002c   Code   RO         2958    i.HAL_PCD_EP_Transmit  stm32l4xx_hal_pcd.o
    0x08000962   0x08000962   0x0000019e   Code   RO         2960    i.HAL_PCD_IRQHandler  stm32l4xx_hal_pcd.o
    0x08000b00   0x08000b00   0x000000d8   Code   RO         2963    i.HAL_PCD_Init      stm32l4xx_hal_pcd.o
    0x08000bd8   0x08000bd8   0x0000003c   Code   RO         3629    i.HAL_PCD_MspInit   usbd_conf.o
    0x08000c14   0x08000c14   0x0000001a   Code   RO         3630    i.HAL_PCD_ResetCallback  usbd_conf.o
    0x08000c2e   0x08000c2e   0x00000002   PAD
    0x08000c30   0x08000c30   0x00000028   Code   RO         3631    i.HAL_PCD_ResumeCallback  usbd_conf.o
    0x08000c58   0x08000c58   0x00000008   Code   RO         3632    i.HAL_PCD_SOFCallback  usbd_conf.o
    0x08000c60   0x08000c60   0x00000028   Code   RO         2969    i.HAL_PCD_SetAddress  stm32l4xx_hal_pcd.o
    0x08000c88   0x08000c88   0x0000000e   Code   RO         3633    i.HAL_PCD_SetupStageCallback  usbd_conf.o
    0x08000c96   0x08000c96   0x0000002a   Code   RO         2971    i.HAL_PCD_Start     stm32l4xx_hal_pcd.o
    0x08000cc0   0x08000cc0   0x00000024   Code   RO         3634    i.HAL_PCD_SuspendCallback  usbd_conf.o
    0x08000ce4   0x08000ce4   0x00000064   Code   RO          554    i.HAL_PWREx_ControlVoltageScaling  stm32l4xx_hal_pwr_ex.o
    0x08000d48   0x08000d48   0x00000010   Code   RO          574    i.HAL_PWREx_EnableVddUSB  stm32l4xx_hal_pwr_ex.o
    0x08000d58   0x08000d58   0x00000010   Code   RO          579    i.HAL_PWREx_GetVoltageRange  stm32l4xx_hal_pwr_ex.o
    0x08000d68   0x08000d68   0x00000010   Code   RO         1376    i.HAL_RCCEx_EnableMSIPLLMode  stm32l4xx_hal_rcc_ex.o
    0x08000d78   0x08000d78   0x0000028a   Code   RO         1382    i.HAL_RCCEx_PeriphCLKConfig  stm32l4xx_hal_rcc_ex.o
    0x08001002   0x08001002   0x00000002   PAD
    0x08001004   0x08001004   0x00000178   Code   RO         1727    i.HAL_RCC_ClockConfig  stm32l4xx_hal_rcc.o
    0x0800117c   0x0800117c   0x0000000c   Code   RO         1731    i.HAL_RCC_GetHCLKFreq  stm32l4xx_hal_rcc.o
    0x08001188   0x08001188   0x00000020   Code   RO         1733    i.HAL_RCC_GetPCLK1Freq  stm32l4xx_hal_rcc.o
    0x080011a8   0x080011a8   0x00000020   Code   RO         1734    i.HAL_RCC_GetPCLK2Freq  stm32l4xx_hal_rcc.o
    0x080011c8   0x080011c8   0x000000c4   Code   RO         1735    i.HAL_RCC_GetSysClockFreq  stm32l4xx_hal_rcc.o
    0x0800128c   0x0800128c   0x000004b0   Code   RO         1738    i.HAL_RCC_OscConfig  stm32l4xx_hal_rcc.o
    0x0800173c   0x0800173c   0x000000ac   Code   RO         1862    i.HAL_SPI_Init      stm32l4xx_hal_spi.o
    0x080017e8   0x080017e8   0x00000048   Code   RO         3197    i.HAL_SPI_MspInit   stm32l4xx_hal_msp.o
    0x08001830   0x08001830   0x00000174   Code   RO         1865    i.HAL_SPI_Receive   stm32l4xx_hal_spi.o
    0x080019a4   0x080019a4   0x0000017c   Code   RO         1870    i.HAL_SPI_Transmit  stm32l4xx_hal_spi.o
    0x08001b20   0x08001b20   0x00000244   Code   RO         1871    i.HAL_SPI_TransmitReceive  stm32l4xx_hal_spi.o
    0x08001d64   0x08001d64   0x00000018   Code   RO         2573    i.HAL_SYSTICK_CLKSourceConfig  stm32l4xx_hal_cortex.o
    0x08001d7c   0x08001d7c   0x00000002   Code   RO         2574    i.HAL_SYSTICK_Callback  stm32l4xx_hal_cortex.o
    0x08001d7e   0x08001d7e   0x00000028   Code   RO         2575    i.HAL_SYSTICK_Config  stm32l4xx_hal_cortex.o
    0x08001da6   0x08001da6   0x00000008   Code   RO         2576    i.HAL_SYSTICK_IRQHandler  stm32l4xx_hal_cortex.o
    0x08001dae   0x08001dae   0x0000006a   Code   RO          847    i.HAL_UART_Init     stm32l4xx_hal_uart.o
    0x08001e18   0x08001e18   0x00000048   Code   RO         3199    i.HAL_UART_MspInit  stm32l4xx_hal_msp.o
    0x08001e60   0x08001e60   0x000000b0   Code   RO          855    i.HAL_UART_Transmit  stm32l4xx_hal_uart.o
    0x08001f10   0x08001f10   0x00000002   Code   RO         3245    i.HardFault_Handler  stm32l4xx_it.o
    0x08001f12   0x08001f12   0x00000002   PAD
    0x08001f14   0x08001f14   0x00000074   Code   RO         3331    i.MX_GPIO_Init      main.o
    0x08001f88   0x08001f88   0x0000004c   Code   RO         3332    i.MX_SPI1_Init      main.o
    0x08001fd4   0x08001fd4   0x00000038   Code   RO         3333    i.MX_USART2_UART_Init  main.o
    0x0800200c   0x0800200c   0x00000038   Code   RO         3577    i.MX_USB_DEVICE_Init  usb_device.o
    0x08002044   0x08002044   0x00000002   Code   RO         3246    i.MemManage_Handler  stm32l4xx_it.o
    0x08002046   0x08002046   0x00000002   Code   RO         3247    i.NMI_Handler       stm32l4xx_it.o
    0x08002048   0x08002048   0x00000020   Code   RO         2577    i.NVIC_SetPriority  stm32l4xx_hal_cortex.o
    0x08002068   0x08002068   0x0000032e   Code   RO         2974    i.PCD_EP_ISR_Handler  stm32l4xx_hal_pcd.o
    0x08002396   0x08002396   0x00000002   Code   RO         3248    i.PendSV_Handler    stm32l4xx_it.o
    0x08002398   0x08002398   0x0000012c   Code   RO         1385    i.RCCEx_PLLSAI1_Config  stm32l4xx_hal_rcc_ex.o
    0x080024c4   0x080024c4   0x00000002   Code   RO         3249    i.RCC_IRQHandler    stm32l4xx_it.o
    0x080024c6   0x080024c6   0x00000002   PAD
    0x080024c8   0x080024c8   0x0000007c   Code   RO         1739    i.RCC_SetFlashLatencyFromMSIRange  stm32l4xx_hal_rcc.o
    0x08002544   0x08002544   0x00000074   Code   RO         1899    i.SPI_EndRxTransaction  stm32l4xx_hal_spi.o
    0x080025b8   0x080025b8   0x00000048   Code   RO         1900    i.SPI_EndRxTxTransaction  stm32l4xx_hal_spi.o
    0x08002600   0x08002600   0x0000009e   Code   RO         1905    i.SPI_WaitFifoStateUntilTimeout  stm32l4xx_hal_spi.o
    0x0800269e   0x0800269e   0x00000094   Code   RO         1906    i.SPI_WaitFlagStateUntilTimeout  stm32l4xx_hal_spi.o
    0x08002732   0x08002732   0x00000002   Code   RO         3250    i.SVC_Handler       stm32l4xx_it.o
    0x08002734   0x08002734   0x0000000e   Code   RO         3251    i.SysTick_Handler   stm32l4xx_it.o
    0x08002742   0x08002742   0x00000002   PAD
    0x08002744   0x08002744   0x000000bc   Code   RO         3334    i.SystemClock_Config  main.o
    0x08002800   0x08002800   0x00000044   Code   RO         3158    i.SystemInit        system_stm32l4xx.o
    0x08002844   0x08002844   0x000000c8   Code   RO          860    i.UART_AdvFeatureConfig  stm32l4xx_hal_uart.o
    0x0800290c   0x0800290c   0x0000005c   Code   RO          861    i.UART_CheckIdleState  stm32l4xx_hal_uart.o
    0x08002968   0x08002968   0x00000234   Code   RO          876    i.UART_SetConfig    stm32l4xx_hal_uart.o
    0x08002b9c   0x08002b9c   0x00000064   Code   RO          879    i.UART_WaitOnFlagUntilTimeout  stm32l4xx_hal_uart.o
    0x08002c00   0x08002c00   0x0000000e   Code   RO         3839    i.USBD_ClrClassConfig  usbd_core.o
    0x08002c0e   0x08002c0e   0x00000010   Code   RO         4044    i.USBD_CtlContinueRx  usbd_ioreq.o
    0x08002c1e   0x08002c1e   0x00000010   Code   RO         4045    i.USBD_CtlContinueSendData  usbd_ioreq.o
    0x08002c2e   0x08002c2e   0x00000016   Code   RO         4104    i.USBD_CtlError     usbd_ctlreq.o
    0x08002c44   0x08002c44   0x00000016   Code   RO         4047    i.USBD_CtlReceiveStatus  usbd_ioreq.o
    0x08002c5a   0x08002c5a   0x0000001a   Code   RO         4048    i.USBD_CtlSendData  usbd_ioreq.o
    0x08002c74   0x08002c74   0x00000016   Code   RO         4049    i.USBD_CtlSendStatus  usbd_ioreq.o
    0x08002c8a   0x08002c8a   0x00000002   PAD
    0x08002c8c   0x08002c8c   0x00000020   Code   RO         3493    i.USBD_FS_ConfigStrDescriptor  usbd_desc.o
    0x08002cac   0x08002cac   0x0000000c   Code   RO         3494    i.USBD_FS_DeviceDescriptor  usbd_desc.o
    0x08002cb8   0x08002cb8   0x00000024   Code   RO         3495    i.USBD_FS_InterfaceStrDescriptor  usbd_desc.o
    0x08002cdc   0x08002cdc   0x0000000c   Code   RO         3496    i.USBD_FS_LangIDStrDescriptor  usbd_desc.o
    0x08002ce8   0x08002ce8   0x00000028   Code   RO         3497    i.USBD_FS_ManufacturerStrDescriptor  usbd_desc.o
    0x08002d10   0x08002d10   0x0000002c   Code   RO         3498    i.USBD_FS_ProductStrDescriptor  usbd_desc.o
    0x08002d3c   0x08002d3c   0x00000024   Code   RO         3499    i.USBD_FS_SerialStrDescriptor  usbd_desc.o
    0x08002d60   0x08002d60   0x0000000c   Code   RO         3500    i.USBD_FS_USR_BOSDescriptor  usbd_desc.o
    0x08002d6c   0x08002d6c   0x000000f6   Code   RO         4105    i.USBD_GetDescriptor  usbd_ctlreq.o
    0x08002e62   0x08002e62   0x00000046   Code   RO         4106    i.USBD_GetString    usbd_ctlreq.o
    0x08002ea8   0x08002ea8   0x0000000c   Code   RO         3977    i.USBD_HID_DataIn   usbd_hid.o
    0x08002eb4   0x08002eb4   0x0000001e   Code   RO         3978    i.USBD_HID_DeInit   usbd_hid.o
    0x08002ed2   0x08002ed2   0x00000002   PAD
    0x08002ed4   0x08002ed4   0x0000000c   Code   RO         3979    i.USBD_HID_GetCfgDesc  usbd_hid.o
    0x08002ee0   0x08002ee0   0x0000000c   Code   RO         3980    i.USBD_HID_GetDeviceQualifierDesc  usbd_hid.o
    0x08002eec   0x08002eec   0x00000028   Code   RO         3982    i.USBD_HID_Init     usbd_hid.o
    0x08002f14   0x08002f14   0x00000024   Code   RO         3983    i.USBD_HID_SendReport  usbd_hid.o
    0x08002f38   0x08002f38   0x000000a0   Code   RO         3984    i.USBD_HID_Setup    usbd_hid.o
    0x08002fd8   0x08002fd8   0x0000002a   Code   RO         3841    i.USBD_Init         usbd_core.o
    0x08003002   0x08003002   0x00000012   Code   RO         3635    i.USBD_LL_BatteryCharging  usbd_conf.o
    0x08003014   0x08003014   0x00000020   Code   RO         3636    i.USBD_LL_ClearStallEP  usbd_conf.o
    0x08003034   0x08003034   0x00000020   Code   RO         3637    i.USBD_LL_CloseEP   usbd_conf.o
    0x08003054   0x08003054   0x000000aa   Code   RO         3842    i.USBD_LL_DataInStage  usbd_core.o
    0x080030fe   0x080030fe   0x0000006a   Code   RO         3843    i.USBD_LL_DataOutStage  usbd_core.o
    0x08003168   0x08003168   0x0000008c   Code   RO         3642    i.USBD_LL_Init      usbd_conf.o
    0x080031f4   0x080031f4   0x0000001c   Code   RO         3643    i.USBD_LL_IsStallEP  usbd_conf.o
    0x08003210   0x08003210   0x00000026   Code   RO         3644    i.USBD_LL_OpenEP    usbd_conf.o
    0x08003236   0x08003236   0x00000020   Code   RO         3645    i.USBD_LL_PrepareReceive  usbd_conf.o
    0x08003256   0x08003256   0x0000003e   Code   RO         3848    i.USBD_LL_Reset     usbd_core.o
    0x08003294   0x08003294   0x0000000c   Code   RO         3849    i.USBD_LL_Resume    usbd_core.o
    0x080032a0   0x080032a0   0x00000018   Code   RO         3850    i.USBD_LL_SOF       usbd_core.o
    0x080032b8   0x080032b8   0x00000006   Code   RO         3851    i.USBD_LL_SetSpeed  usbd_core.o
    0x080032be   0x080032be   0x00000020   Code   RO         3646    i.USBD_LL_SetUSBAddress  usbd_conf.o
    0x080032de   0x080032de   0x0000005a   Code   RO         3852    i.USBD_LL_SetupStage  usbd_core.o
    0x08003338   0x08003338   0x00000020   Code   RO         3647    i.USBD_LL_StallEP   usbd_conf.o
    0x08003358   0x08003358   0x00000020   Code   RO         3648    i.USBD_LL_Start     usbd_conf.o
    0x08003378   0x08003378   0x00000012   Code   RO         3853    i.USBD_LL_Suspend   usbd_core.o
    0x0800338a   0x0800338a   0x00000020   Code   RO         3650    i.USBD_LL_Transmit  usbd_conf.o
    0x080033aa   0x080033aa   0x00000028   Code   RO         4107    i.USBD_ParseSetupRequest  usbd_ctlreq.o
    0x080033d2   0x080033d2   0x00000010   Code   RO         3854    i.USBD_RegisterClass  usbd_core.o
    0x080033e2   0x080033e2   0x00000016   Code   RO         3856    i.USBD_SetClassConfig  usbd_core.o
    0x080033f8   0x080033f8   0x00000074   Code   RO         4108    i.USBD_SetConfig    usbd_ctlreq.o
    0x0800346c   0x0800346c   0x0000000a   Code   RO         3857    i.USBD_Start        usbd_core.o
    0x08003476   0x08003476   0x000000f2   Code   RO         4109    i.USBD_StdDevReq    usbd_ctlreq.o
    0x08003568   0x08003568   0x000000dc   Code   RO         4110    i.USBD_StdEPReq     usbd_ctlreq.o
    0x08003644   0x08003644   0x00000034   Code   RO         4111    i.USBD_StdItfReq    usbd_ctlreq.o
    0x08003678   0x08003678   0x00000002   Code   RO         3651    i.USBD_static_free  usbd_conf.o
    0x0800367a   0x0800367a   0x00000002   PAD
    0x0800367c   0x0800367c   0x00000008   Code   RO         3652    i.USBD_static_malloc  usbd_conf.o
    0x08003684   0x08003684   0x0000024c   Code   RO         2684    i.USB_ActivateEndpoint  stm32l4xx_ll_usb.o
    0x080038d0   0x080038d0   0x00000004   Code   RO         2687    i.USB_CoreInit      stm32l4xx_ll_usb.o
    0x080038d4   0x080038d4   0x00000124   Code   RO         2689    i.USB_DeactivateEndpoint  stm32l4xx_ll_usb.o
    0x080039f8   0x080039f8   0x00000014   Code   RO         2690    i.USB_DevConnect    stm32l4xx_ll_usb.o
    0x08003a0c   0x08003a0c   0x00000014   Code   RO         2691    i.USB_DevDisconnect  stm32l4xx_ll_usb.o
    0x08003a20   0x08003a20   0x00000012   Code   RO         2692    i.USB_DevInit       stm32l4xx_ll_usb.o
    0x08003a32   0x08003a32   0x0000000e   Code   RO         2693    i.USB_DisableGlobalInt  stm32l4xx_ll_usb.o
    0x08003a40   0x08003a40   0x00000004   Code   RO         2694    i.USB_EP0_OutStart  stm32l4xx_ll_usb.o
    0x08003a44   0x08003a44   0x0000006a   Code   RO         2695    i.USB_EPClearStall  stm32l4xx_ll_usb.o
    0x08003aae   0x08003aae   0x0000004a   Code   RO         2696    i.USB_EPSetStall    stm32l4xx_ll_usb.o
    0x08003af8   0x08003af8   0x00000124   Code   RO         2697    i.USB_EPStartXfer   stm32l4xx_ll_usb.o
    0x08003c1c   0x08003c1c   0x0000000e   Code   RO         2698    i.USB_EnableGlobalInt  stm32l4xx_ll_usb.o
    0x08003c2a   0x08003c2a   0x00000002   PAD
    0x08003c2c   0x08003c2c   0x0000000c   Code   RO         3252    i.USB_IRQHandler    stm32l4xx_it.o
    0x08003c38   0x08003c38   0x00000006   Code   RO         2705    i.USB_ReadInterrupts  stm32l4xx_ll_usb.o
    0x08003c3e   0x08003c3e   0x0000001a   Code   RO         2706    i.USB_ReadPMA       stm32l4xx_ll_usb.o
    0x08003c58   0x08003c58   0x00000004   Code   RO         2708    i.USB_SetCurrentMode  stm32l4xx_ll_usb.o
    0x08003c5c   0x08003c5c   0x0000000c   Code   RO         2709    i.USB_SetDevAddress  stm32l4xx_ll_usb.o
    0x08003c68   0x08003c68   0x00000026   Code   RO         2711    i.USB_WritePMA      stm32l4xx_ll_usb.o
    0x08003c8e   0x08003c8e   0x00000002   Code   RO         3253    i.UsageFault_Handler  stm32l4xx_it.o
    0x08003c90   0x08003c90   0x00000002   Code   RO         3335    i._Error_Handler    main.o
    0x08003c92   0x08003c92   0x00000002   PAD
    0x08003c94   0x08003c94   0x00000020   Code   RO         4332    i.__0printf$6       mc_w.l(printf6.o)
    0x08003cb4   0x08003cb4   0x0000000e   Code   RO         4478    i.__scatterload_copy  mc_w.l(handlers.o)
    0x08003cc2   0x08003cc2   0x00000002   Code   RO         4479    i.__scatterload_null  mc_w.l(handlers.o)
    0x08003cc4   0x08003cc4   0x0000000e   Code   RO         4480    i.__scatterload_zeroinit  mc_w.l(handlers.o)
    0x08003cd2   0x08003cd2   0x00000002   PAD
    0x08003cd4   0x08003cd4   0x000002f6   Code   RO         4339    i._printf_core      mc_w.l(printf6.o)
    0x08003fca   0x08003fca   0x00000024   Code   RO         4340    i._printf_post_padding  mc_w.l(printf6.o)
    0x08003fee   0x08003fee   0x0000002e   Code   RO         4341    i._printf_pre_padding  mc_w.l(printf6.o)
    0x0800401c   0x0800401c   0x00000018   Code   RO         3336    i.add_value         main.o
    0x08004034   0x08004034   0x0000006c   Code   RO         3337    i.adxl_read         main.o
    0x080040a0   0x080040a0   0x00000008   Code   RO         3338    i.cmp               main.o
    0x080040a8   0x080040a8   0x00000010   Code   RO         3339    i.entero16_to32     main.o
    0x080040b8   0x080040b8   0x00000034   Code   RO         3340    i.estabilizador     main.o
    0x080040ec   0x080040ec   0x00000018   Code   RO         3341    i.fputc             main.o
    0x08004104   0x08004104   0x0000007c   Code   RO         3342    i.greeting          main.o
    0x08004180   0x08004180   0x00000080   Code   RO         3343    i.init_SPI          main.o
    0x08004200   0x08004200   0x00000054   Code   RO         3344    i.keyboard          main.o
    0x08004254   0x08004254   0x00000110   Code   RO         3345    i.main              main.o
    0x08004364   0x08004364   0x0000006c   Code   RO         3346    i.media_min_max     main.o
    0x080043d0   0x080043d0   0x000000c4   Code   RO         3347    i.selector_joy      main.o
    0x08004494   0x08004494   0x00000060   Code   RO         3349    i.selector_pie      main.o
    0x080044f4   0x080044f4   0x00000048   Code   RO         3350    i.spi_read          main.o
    0x0800453c   0x0800453c   0x00000040   Data   RO         3159    .constdata          system_stm32l4xx.o
    0x0800457c   0x0800457c   0x00000008   Data   RO         3160    .constdata          system_stm32l4xx.o
    0x08004584   0x08004584   0x00000051   Data   RO         3353    .conststring        main.o
    0x080045d5   0x080045d5   0x00000003   PAD
    0x080045d8   0x080045d8   0x00000020   Data   RO         4476    Region$$Table       anon$$obj.o


    Execution Region RW_IRAM1 (Exec base: 0x20000000, Load base: 0x080045f8, Size: 0x00000f08, Max: 0x00010000, ABSOLUTE, COMPRESSED[0x000000e4])

    Exec Addr    Load Addr    Size         Type   Attr      Idx    E Section Name        Object

    0x20000000   COMPRESSED   0x00000004   Data   RW         1204    .data               stm32l4xx_hal.o
    0x20000004   COMPRESSED   0x00000004   Data   RW         3161    .data               system_stm32l4xx.o
    0x20000008   COMPRESSED   0x0000002c   Data   RW         3355    .data               main.o
    0x20000034   COMPRESSED   0x00000020   Data   RW         3502    .data               usbd_desc.o
    0x20000054   COMPRESSED   0x00000024   Data   RW         3503    .data               usbd_desc.o
    0x20000078   COMPRESSED   0x00000038   Data   RW         3985    .data               usbd_hid.o
    0x200000b0   COMPRESSED   0x0000008a   Data   RW         3986    .data               usbd_hid.o
    0x2000013a   COMPRESSED   0x00000001   Data   RW         4112    .data               usbd_ctlreq.o
    0x2000013b   COMPRESSED   0x00000001   PAD
    0x2000013c   COMPRESSED   0x00000004   Data   RW         4452    .data               mc_w.l(stdout.o)
    0x20000140        -       0x00000158   Zero   RW         3351    .bss                main.o
    0x20000298        -       0x00000200   Zero   RW         3501    .bss                usbd_desc.o
    0x20000498        -       0x00000224   Zero   RW         3578    .bss                usb_device.o
    0x200006bc        -       0x00000448   Zero   RW         3653    .bss                usbd_conf.o
    0x20000b04   COMPRESSED   0x00000004   PAD
    0x20000b08        -       0x00000400   Zero   RW            1    STACK               startup_stm32l432xx.o


==============================================================================

Image component sizes


      Code (inc. data)   RO Data    RW Data    ZI Data      Debug   Object Name

      1750        170         81         44        344      19863   main.o
        36          8        396          0       1024        844   startup_stm32l432xx.o
       118         18          0          4          0       4167   stm32l4xx_hal.o
       228         14          0          0          0      32217   stm32l4xx_hal_cortex.o
       422         20          0          0          0       3175   stm32l4xx_hal_gpio.o
         0          0          0          0          0     634864   stm32l4xx_hal_i2c.o
       288         22          0          0          0       2291   stm32l4xx_hal_msp.o
      1910          0          0          0          0      10201   stm32l4xx_hal_pcd.o
       118          0          0          0          0       2486   stm32l4xx_hal_pcd_ex.o
       132         24          0          0          0       1931   stm32l4xx_hal_pwr_ex.o
      1972         96          0          0          0       7384   stm32l4xx_hal_rcc.o
       966         36          0          0          0       3517   stm32l4xx_hal_rcc_ex.o
      1998          0          0          0          0       9070   stm32l4xx_hal_spi.o
      1238         58          0          0          0       6441   stm32l4xx_hal_uart.o
        44          6          0          0          0       5116   stm32l4xx_it.o
      1532         12          0          0          0      13235   stm32l4xx_ll_usb.o
        68         12         72          4          0       1237   system_stm32l4xx.o
        56         14          0          0        548        760   usb_device.o
       740         60          0          0       1096      14329   usbd_conf.o
       592          0          0          0          0       9680   usbd_core.o
      1008         22          0          1          0       8052   usbd_ctlreq.o
       224        120          0         68        512       5831   usbd_desc.o
       302         12          0        194          0       6925   usbd_hid.o
       102          0          0          0          0       3852   usbd_ioreq.o

    ----------------------------------------------------------------------
     15874        724        584        316       3528     807468   Object Totals
         0          0         32          0          0          0   (incl. Generated)
        30          0          3          1          4          0   (incl. Padding)

    ----------------------------------------------------------------------

      Code (inc. data)   RO Data    RW Data    ZI Data      Debug   Library Member Name

        86          0          0          0          0          0   __dczerorl2.o
         0          0          0          0          0          0   entry.o
         0          0          0          0          0          0   entry10a.o
         0          0          0          0          0          0   entry11a.o
         8          4          0          0          0          0   entry2.o
         4          0          0          0          0          0   entry5.o
         0          0          0          0          0          0   entry7b.o
         0          0          0          0          0          0   entry8b.o
         8          4          0          0          0          0   entry9a.o
        30          0          0          0          0          0   handlers.o
        36          8          0          0          0         68   init.o
        30          0          0          0          0         68   llshl.o
        32          0          0          0          0         68   llushr.o
        36          0          0          0          0         68   memcpya.o
       872         14          0          0          0        352   printf6.o
       162          0          0          0          0         88   qsort.o
         0          0          0          4          0          0   stdout.o
        44          0          0          0          0         80   uidiv.o
       104          0          0          0          0         92   uldiv.o

    ----------------------------------------------------------------------
      1454         30          0          4          0        884   Library Totals
         2          0          0          0          0          0   (incl. Padding)

    ----------------------------------------------------------------------

      Code (inc. data)   RO Data    RW Data    ZI Data      Debug   Library Name

      1452         30          0          4          0        884   mc_w.l

    ----------------------------------------------------------------------
      1454         30          0          4          0        884   Library Totals

    ----------------------------------------------------------------------

==============================================================================


      Code (inc. data)   RO Data    RW Data    ZI Data      Debug   

     17328        754        584        320       3528     791720   Grand Totals
     17328        754        584        228       3528     791720   ELF Image Totals (compressed)
     17328        754        584        228          0          0   ROM Totals

==============================================================================

    Total RO  Size (Code + RO Data)                17912 (  17.49kB)
    Total RW  Size (RW Data + ZI Data)              3848 (   3.76kB)
    Total ROM Size (Code + RO Data + RW Data)      18140 (  17.71kB)

==============================================================================

